138.197.96.120 - - [06/Sep/2022:02:45:42 +0000] "GET / HTTP/1.1" 301 169 "-" "curl/7.47.0" "-"
172.104.242.173 - - [06/Sep/2022:02:46:39 +0000] "\xBA\xABd\xA1EZC\xDBM\x87\xEE^\xFD\xBF\x159 X\xD4>\x12\x98\xC4<\xE0\x13\xCF\x00\xAC\xA09\xD7\x90#8~\x8C\xDE\x9DReF\xBF%1Q\xE0\x9D\x06&g\xBB\x82\x95\x19\xED\x07\x14\x19ZP\x80+\x94e\xC3\xE6\x85\x06\xA4\x99\x8B\x19l\x01\xEA\x88Y\x91\x16\x95\xC4\xC8\x0EH\x02\xC7\x93g\xC14FW\x05|\xFB\xF3T\xB8\xFD\xCB\xBB)\xE3\xCE\xDD\xCD7\x9E\xEFP\x8C\xA4[V\xFD\x98\xC9l\x82\xF5\xE4\xC1d\x87X\xF7\x9B\xBF\xE8q\x12\x99&\xDB,\xF5\x87\xD7\xA8\x97j;\xE3\xEA\xA7\xB4\xB0\x02\xAD\x8DE\x9B\xAAB\x80\x0E)\xA9\xE9\xAF}\x18\x8E\xB8\x1E\x99\x04\xEF\xA8\x8C\xE8\x04\xE2\xD3\xED)1\x91\xC1\x8F\x88\x8C\x81\xF0\xDB\xA5\x88\x95H\x9BZ\xAB\xCE\xBF\xF4E%P*\x88KFY6\x9E\xE7::j\xD4\x8A\xA8V\x9A\xAA\xAB\xAF\xC3&.\xED[\x04\xC5e\x7F\x08\xBE\x8Ar\xA7\xB0\x99F\xF7\x11\xE5\xD6\x96\x8CIm+w\x1C\xFDuU\x14\x0F!x\xAC\xE8MPy\xC3\x19!2\xA0\xED\xC0}!Rw\x14\x8E\x1B\xC4\xE1\xA0\xAF+\xADKk\xC5\xE0\x5Cs\x9C\xBD\xCB" 400 157 "-" "-" "-"
185.180.143.18 - - [06/Sep/2022:02:52:26 +0000] "GET / HTTP/1.1" 301 169 "-" "Mozilla/5.0 (Windows NT 10.0; Win64; x64) AppleWebKit/537.36 (KHTML, like Gecko) Chrome/60.0.3112.113 Safari/537.36" "-"
43.138.50.80 - - [06/Sep/2022:03:17:40 +0000] "GET http://62.109.18.140:80/phpMyAdmin/scripts/setup.php HTTP/1.0" 301 169 "-" "-" "-"
43.138.50.80 - - [06/Sep/2022:03:17:40 +0000] "GET http://62.109.18.140:80/mysql/scripts/setup.php HTTP/1.0" 301 169 "-" "-" "-"
43.138.50.80 - - [06/Sep/2022:03:17:40 +0000] "GET http://62.109.18.140:80/db/scripts/setup.php HTTP/1.0" 301 169 "-" "-" "-"
43.138.50.80 - - [06/Sep/2022:03:17:40 +0000] "GET http://62.109.18.140:80/pma/scripts/setup.php HTTP/1.0" 301 169 "-" "-" "-"
114.119.131.254 - - [06/Sep/2022:03:31:59 +0000] "GET /pred/100019806 HTTP/1.1" 301 169 "http://62.109.18.140/cstat/6426/rreg/24" "Mozilla/5.0 (Linux; Android 7.0;) AppleWebKit/537.36 (KHTML, like Gecko) Mobile Safari/537.36 (compatible; PetalBot;+https://webmaster.petalsearch.com/site/petalbot)" "-"
114.119.131.254 - - [06/Sep/2022:03:38:11 +0000] "GET /pred/16529508 HTTP/1.1" 301 169 "http://62.109.18.140/cstat/10251" "Mozilla/5.0 (Linux; Android 7.0;) AppleWebKit/537.36 (KHTML, like Gecko) Mobile Safari/537.36 (compatible; PetalBot;+https://webmaster.petalsearch.com/site/petalbot)" "-"
114.119.131.254 - - [06/Sep/2022:03:44:19 +0000] "GET /pred/1140911123 HTTP/1.1" 301 169 "http://62.109.18.140/cstat/2839/page/4092" "Mozilla/5.0 (Linux; Android 7.0;) AppleWebKit/537.36 (KHTML, like Gecko) Mobile Safari/537.36 (compatible; PetalBot;+https://webmaster.petalsearch.com/site/petalbot)" "-"
138.197.96.120 - - [06/Sep/2022:03:45:01 +0000] "GET / HTTP/1.1" 301 169 "-" "curl/7.47.0" "-"
138.197.96.120 - - [06/Sep/2022:03:45:01 +0000] "GET / HTTP/1.1" 301 169 "-" "curl/7.47.0" "-"
66.249.70.155 - - [06/Sep/2022:03:49:53 +0000] "GET /pred/6833320 HTTP/1.1" 301 169 "-" "Mozilla/5.0 (Linux; Android 6.0.1; Nexus 5X Build/MMB29P) AppleWebKit/537.36 (KHTML, like Gecko) Chrome/104.0.5112.101 Mobile Safari/537.36 (compatible; Googlebot/2.1; +http://www.google.com/bot.html)" "-"
66.249.70.155 - - [06/Sep/2022:03:49:54 +0000] "GET /cstat/2397 HTTP/1.1" 301 169 "-" "Mozilla/5.0 (Linux; Android 6.0.1; Nexus 5X Build/MMB29P) AppleWebKit/537.36 (KHTML, like Gecko) Chrome/104.0.5112.101 Mobile Safari/537.36 (compatible; Googlebot/2.1; +http://www.google.com/bot.html)" "-"
66.249.70.153 - - [06/Sep/2022:03:49:55 +0000] "GET /pred/6833320 HTTP/1.1" 404 275 "-" "Mozilla/5.0 (Linux; Android 6.0.1; Nexus 5X Build/MMB29P) AppleWebKit/537.36 (KHTML, like Gecko) Chrome/104.0.5112.101 Mobile Safari/537.36 (compatible; Googlebot/2.1; +http://www.google.com/bot.html)" "-"
66.249.70.151 - - [06/Sep/2022:03:49:55 +0000] "GET /cstat/2397 HTTP/1.1" 404 275 "-" "Mozilla/5.0 (Linux; Android 6.0.1; Nexus 5X Build/MMB29P) AppleWebKit/537.36 (KHTML, like Gecko) Chrome/104.0.5112.101 Mobile Safari/537.36 (compatible; Googlebot/2.1; +http://www.google.com/bot.html)" "-"
66.249.70.157 - - [06/Sep/2022:03:49:55 +0000] "GET /pred/39289040 HTTP/1.1" 301 169 "-" "Mozilla/5.0 (Linux; Android 6.0.1; Nexus 5X Build/MMB29P) AppleWebKit/537.36 (KHTML, like Gecko) Chrome/104.0.5112.101 Mobile Safari/537.36 (compatible; Googlebot/2.1; +http://www.google.com/bot.html)" "-"
66.249.70.155 - - [06/Sep/2022:03:49:56 +0000] "GET /pred/13032421 HTTP/1.1" 301 169 "-" "Mozilla/5.0 (Linux; Android 6.0.1; Nexus 5X Build/MMB29P) AppleWebKit/537.36 (KHTML, like Gecko) Chrome/104.0.5112.101 Mobile Safari/537.36 (compatible; Googlebot/2.1; +http://www.google.com/bot.html)" "-"
66.249.70.153 - - [06/Sep/2022:03:49:56 +0000] "GET /pred/39289040 HTTP/1.1" 404 275 "-" "Mozilla/5.0 (Linux; Android 6.0.1; Nexus 5X Build/MMB29P) AppleWebKit/537.36 (KHTML, like Gecko) Chrome/104.0.5112.101 Mobile Safari/537.36 (compatible; Googlebot/2.1; +http://www.google.com/bot.html)" "-"
66.249.70.153 - - [06/Sep/2022:03:49:57 +0000] "GET /pred/13032421 HTTP/1.1" 404 275 "-" "Mozilla/5.0 (Linux; Android 6.0.1; Nexus 5X Build/MMB29P) AppleWebKit/537.36 (KHTML, like Gecko) Chrome/104.0.5112.101 Mobile Safari/537.36 (compatible; Googlebot/2.1; +http://www.google.com/bot.html)" "-"
66.249.70.157 - - [06/Sep/2022:03:50:25 +0000] "GET /cstat/8789/rreg/32/page/2 HTTP/1.1" 301 169 "-" "Mozilla/5.0 (Linux; Android 6.0.1; Nexus 5X Build/MMB29P) AppleWebKit/537.36 (KHTML, like Gecko) Chrome/104.0.5112.101 Mobile Safari/537.36 (compatible; Googlebot/2.1; +http://www.google.com/bot.html)" "-"
66.249.70.153 - - [06/Sep/2022:03:50:26 +0000] "GET /pred/94656034 HTTP/1.1" 301 169 "-" "Mozilla/5.0 (Linux; Android 6.0.1; Nexus 5X Build/MMB29P) AppleWebKit/537.36 (KHTML, like Gecko) Chrome/104.0.5112.101 Mobile Safari/537.36 (compatible; Googlebot/2.1; +http://www.google.com/bot.html)" "-"
66.249.70.155 - - [06/Sep/2022:03:50:26 +0000] "GET /cstat/8789/rreg/32/page/2 HTTP/1.1" 404 275 "-" "Mozilla/5.0 (Linux; Android 6.0.1; Nexus 5X Build/MMB29P) AppleWebKit/537.36 (KHTML, like Gecko) Chrome/104.0.5112.101 Mobile Safari/537.36 (compatible; Googlebot/2.1; +http://www.google.com/bot.html)" "-"
66.249.70.155 - - [06/Sep/2022:03:50:26 +0000] "GET /pred/94656034 HTTP/1.1" 404 275 "-" "Mozilla/5.0 (Linux; Android 6.0.1; Nexus 5X Build/MMB29P) AppleWebKit/537.36 (KHTML, like Gecko) Chrome/104.0.5112.101 Mobile Safari/537.36 (compatible; Googlebot/2.1; +http://www.google.com/bot.html)" "-"
114.119.131.33 - - [06/Sep/2022:03:50:37 +0000] "GET /tovar/53507143 HTTP/1.1" 301 169 "http://62.109.18.140/pred/20585487" "Mozilla/5.0 (Linux; Android 7.0;) AppleWebKit/537.36 (KHTML, like Gecko) Mobile Safari/537.36 (compatible; PetalBot;+https://webmaster.petalsearch.com/site/petalbot)" "-"
152.89.196.62 - - [06/Sep/2022:03:53:56 +0000] "GET /?XDEBUG_SESSION_START=phpstorm HTTP/1.1" 301 169 "-" "Mozilla/5.0 (Windows NT 10.0; Win64; x64) AppleWebKit/537.36 (KHTML, like Gecko) Chrome/78.0.3904.108 Safari/537.36" "-"
152.89.196.62 - - [06/Sep/2022:03:54:00 +0000] "GET /?XDEBUG_SESSION_START=phpstorm HTTP/1.1" 200 23428 "http://62.109.18.140:80/?XDEBUG_SESSION_START=phpstorm" "Mozilla/5.0 (Windows NT 10.0; Win64; x64) AppleWebKit/537.36 (KHTML, like Gecko) Chrome/78.0.3904.108 Safari/537.36" "-"
114.119.131.253 - - [06/Sep/2022:03:56:49 +0000] "GET /pred/110231961 HTTP/1.1" 301 169 "http://62.109.18.140/cstat/15997/page/1" "Mozilla/5.0 (Linux; Android 7.0;) AppleWebKit/537.36 (KHTML, like Gecko) Mobile Safari/537.36 (compatible; PetalBot;+https://webmaster.petalsearch.com/site/petalbot)" "-"
114.119.131.33 - - [06/Sep/2022:04:02:58 +0000] "GET /tovar/53578288 HTTP/1.1" 301 169 "http://62.109.18.140/pred/83590530" "Mozilla/5.0 (Linux; Android 7.0;) AppleWebKit/537.36 (KHTML, like Gecko) Mobile Safari/537.36 (compatible; PetalBot;+https://webmaster.petalsearch.com/site/petalbot)" "-"
92.118.39.30 - - [06/Sep/2022:04:07:48 +0000] "GET http://example.com/ HTTP/1.1" 400 255 "-" "Go-http-client/1.1" "-"
114.119.131.35 - - [06/Sep/2022:04:09:09 +0000] "GET /tovar/53848486 HTTP/1.1" 301 169 "http://62.109.18.140/pred/610539377" "Mozilla/5.0 (Linux; Android 7.0;) AppleWebKit/537.36 (KHTML, like Gecko) Mobile Safari/537.36 (compatible; PetalBot;+https://webmaster.petalsearch.com/site/petalbot)" "-"
104.143.83.241 - - [06/Sep/2022:04:14:36 +0000] "GET / HTTP/1.1" 301 169 "-" "Mozilla/5.0 zgrab/0.x" "-"
104.143.83.241 - - [06/Sep/2022:04:14:36 +0000] "GET / HTTP/1.1" 301 169 "-" "Mozilla/5.0 zgrab/0.x" "-"
114.119.131.35 - - [06/Sep/2022:04:15:32 +0000] "GET /cstat/11747/rreg/52 HTTP/1.1" 301 169 "http://62.109.18.140/pred/36396762" "Mozilla/5.0 (Linux; Android 7.0;) AppleWebKit/537.36 (KHTML, like Gecko) Mobile Safari/537.36 (compatible; PetalBot;+https://webmaster.petalsearch.com/site/petalbot)" "-"
114.119.131.253 - - [06/Sep/2022:04:21:32 +0000] "GET /cstat/9027/page/26 HTTP/1.1" 301 169 "http://62.109.18.140/cstat/9027/page/22" "Mozilla/5.0 (Linux; Android 7.0;) AppleWebKit/537.36 (KHTML, like Gecko) Mobile Safari/537.36 (compatible; PetalBot;+https://webmaster.petalsearch.com/site/petalbot)" "-"
114.119.131.248 - - [06/Sep/2022:04:27:15 +0000] "GET /cstat/10897/page/199 HTTP/1.1" 301 169 "http://62.109.18.140/cstat/10897/page/202" "Mozilla/5.0 (Linux; Android 7.0;) AppleWebKit/537.36 (KHTML, like Gecko) Mobile Safari/537.36 (compatible; PetalBot;+https://webmaster.petalsearch.com/site/petalbot)" "-"
114.119.131.35 - - [06/Sep/2022:04:33:06 +0000] "GET /tovar/55390233 HTTP/1.1" 301 169 "http://62.109.18.140/pred/1086138432" "Mozilla/5.0 (Linux; Android 7.0;) AppleWebKit/537.36 (KHTML, like Gecko) Mobile Safari/537.36 (compatible; PetalBot;+https://webmaster.petalsearch.com/site/petalbot)" "-"
185.216.71.23 - - [06/Sep/2022:04:33:36 +0000] "CONNECT google.com:443 HTTP/1.1" 400 157 "-" "-" "-"
114.119.131.35 - - [06/Sep/2022:04:38:53 +0000] "GET /pred/18030846 HTTP/1.1" 301 169 "http://62.109.18.140/cstat/8211/rreg/36/page/3" "Mozilla/5.0 (Linux; Android 7.0;) AppleWebKit/537.36 (KHTML, like Gecko) Mobile Safari/537.36 (compatible; PetalBot;+https://webmaster.petalsearch.com/site/petalbot)" "-"
114.119.131.253 - - [06/Sep/2022:04:44:54 +0000] "GET /pred/609327974 HTTP/1.1" 301 169 "http://62.109.18.140/cstat/5440/rreg/75/page/52" "Mozilla/5.0 (Linux; Android 7.0;) AppleWebKit/537.36 (KHTML, like Gecko) Mobile Safari/537.36 (compatible; PetalBot;+https://webmaster.petalsearch.com/site/petalbot)" "-"
138.197.96.120 - - [06/Sep/2022:04:45:03 +0000] "GET / HTTP/1.1" 301 169 "-" "curl/7.47.0" "-"
138.197.96.120 - - [06/Sep/2022:04:45:03 +0000] "GET / HTTP/1.1" 301 169 "-" "curl/7.47.0" "-"
114.119.131.33 - - [06/Sep/2022:04:50:46 +0000] "GET /cstat/3111/page/1959 HTTP/1.1" 301 169 "http://62.109.18.140/cstat/3111/page/1962" "Mozilla/5.0 (Linux; Android 7.0;) AppleWebKit/537.36 (KHTML, like Gecko) Mobile Safari/537.36 (compatible; PetalBot;+https://webmaster.petalsearch.com/site/petalbot)" "-"
45.157.212.244 - - [06/Sep/2022:04:50:58 +0000] "GET /favicon.ico HTTP/1.1" 301 169 "-" "Mozilla/5.0 (Windows NT 10.0; WOW64) AppleWebKit/537.36 (KHTML, like Gecko) Chrome/102.0.5005.167 YaBrowser/22.7.4.960 Yowser/2.5 Safari/537.36" "-"
205.210.31.55 - - [06/Sep/2022:04:52:21 +0000] "GET / HTTP/1.1" 301 169 "-" "Expanse, a Palo Alto Networks company, searches across the global IPv4 space multiple times per day to identify customers&#39; presences on the Internet. If you would like to be excluded from our scans, please send IP addresses/domains to: scaninfo@paloaltonetworks.com" "-"
114.119.131.253 - - [06/Sep/2022:04:56:23 +0000] "GET /pred/449124139 HTTP/1.1" 301 169 "http://62.109.18.140/cstat/10336/page/145" "Mozilla/5.0 (Linux; Android 7.0;) AppleWebKit/537.36 (KHTML, like Gecko) Mobile Safari/537.36 (compatible; PetalBot;+https://webmaster.petalsearch.com/site/petalbot)" "-"
114.119.131.254 - - [06/Sep/2022:05:02:02 +0000] "GET /tovar/55147167 HTTP/1.1" 301 169 "http://62.109.18.140/pred/121667708" "Mozilla/5.0 (Linux; Android 7.0;) AppleWebKit/537.36 (KHTML, like Gecko) Mobile Safari/537.36 (compatible; PetalBot;+https://webmaster.petalsearch.com/site/petalbot)" "-"
114.119.131.248 - - [06/Sep/2022:05:07:56 +0000] "GET /cstat/2210/page/4631 HTTP/1.1" 301 169 "http://62.109.18.140/cstat/2210/page/4634" "Mozilla/5.0 (Linux; Android 7.0;) AppleWebKit/537.36 (KHTML, like Gecko) Mobile Safari/537.36 (compatible; PetalBot;+https://webmaster.petalsearch.com/site/petalbot)" "-"
114.119.131.35 - - [06/Sep/2022:05:13:46 +0000] "GET /pred/607150342 HTTP/1.1" 301 169 "http://62.109.18.140/cstat/17561/rreg/45/page/34" "Mozilla/5.0 (Linux; Android 7.0;) AppleWebKit/537.36 (KHTML, like Gecko) Mobile Safari/537.36 (compatible; PetalBot;+https://webmaster.petalsearch.com/site/petalbot)" "-"
114.119.131.35 - - [06/Sep/2022:05:19:32 +0000] "GET /pred/1095963820 HTTP/1.1" 301 169 "http://62.109.18.140/cstat/4029/rreg/45/page/110" "Mozilla/5.0 (Linux; Android 7.0;) AppleWebKit/537.36 (KHTML, like Gecko) Mobile Safari/537.36 (compatible; PetalBot;+https://webmaster.petalsearch.com/site/petalbot)" "-"
198.98.59.132 - - [06/Sep/2022:05:19:58 +0000] "POST /boaform/admin/formLogin HTTP/1.1" 301 169 "http://62.109.18.140:80/admin/login.asp" "Mozilla/5.0 (X11; Ubuntu; Linux x86_64; rv:71.0) Gecko/20100101 Firefox/71.0" "-"
198.98.59.132 - - [06/Sep/2022:05:19:58 +0000] "" 400 0 "-" "-" "-"
152.89.196.62 - - [06/Sep/2022:05:24:01 +0000] "GET /actuator/gateway/routes HTTP/1.1" 301 169 "-" "Mozilla/5.0 (Windows NT 10.0; Win64; x64) AppleWebKit/537.36 (KHTML, like Gecko) Chrome/78.0.3904.108 Safari/537.36" "-"
152.89.196.62 - - [06/Sep/2022:05:24:05 +0000] "GET /actuator/gateway/routes HTTP/1.1" 404 275 "http://62.109.18.140:80/actuator/gateway/routes" "Mozilla/5.0 (Windows NT 10.0; Win64; x64) AppleWebKit/537.36 (KHTML, like Gecko) Chrome/78.0.3904.108 Safari/537.36" "-"
114.119.131.253 - - [06/Sep/2022:05:25:11 +0000] "GET /tovar/55649517 HTTP/1.1" 301 169 "http://62.109.18.140/pred/61933839" "Mozilla/5.0 (Linux; Android 7.0;) AppleWebKit/537.36 (KHTML, like Gecko) Mobile Safari/537.36 (compatible; PetalBot;+https://webmaster.petalsearch.com/site/petalbot)" "-"
114.119.131.248 - - [06/Sep/2022:05:30:54 +0000] "GET /tovar/53462348 HTTP/1.1" 301 169 "http://62.109.18.140/pred/485335346" "Mozilla/5.0 (Linux; Android 7.0;) AppleWebKit/537.36 (KHTML, like Gecko) Mobile Safari/537.36 (compatible; PetalBot;+https://webmaster.petalsearch.com/site/petalbot)" "-"
114.119.131.33 - - [06/Sep/2022:05:36:30 +0000] "GET /pred/1121645567 HTTP/1.1" 301 169 "http://62.109.18.140/cstat/4794/rreg/5/page/17" "Mozilla/5.0 (Linux; Android 7.0;) AppleWebKit/537.36 (KHTML, like Gecko) Mobile Safari/537.36 (compatible; PetalBot;+https://webmaster.petalsearch.com/site/petalbot)" "-"
114.119.131.248 - - [06/Sep/2022:05:41:56 +0000] "GET /pred/805701910 HTTP/1.1" 301 169 "http://62.109.18.140/cstat/4454/rreg/45/page/35" "Mozilla/5.0 (Linux; Android 7.0;) AppleWebKit/537.36 (KHTML, like Gecko) Mobile Safari/537.36 (compatible; PetalBot;+https://webmaster.petalsearch.com/site/petalbot)" "-"
114.119.131.254 - - [06/Sep/2022:05:47:21 +0000] "GET /pred/102869890 HTTP/1.1" 301 169 "http://62.109.18.140/cstat/4301/rreg/42" "Mozilla/5.0 (Linux; Android 7.0;) AppleWebKit/537.36 (KHTML, like Gecko) Mobile Safari/537.36 (compatible; PetalBot;+https://webmaster.petalsearch.com/site/petalbot)" "-"
138.197.96.120 - - [06/Sep/2022:05:49:18 +0000] "GET / HTTP/1.1" 301 169 "-" "curl/7.47.0" "-"
138.197.96.120 - - [06/Sep/2022:05:49:19 +0000] "GET / HTTP/1.1" 301 169 "-" "curl/7.47.0" "-"
114.119.131.35 - - [06/Sep/2022:05:52:52 +0000] "GET /pred/42284270 HTTP/1.1" 301 169 "http://62.109.18.140/cstat/3808/rreg/3" "Mozilla/5.0 (Linux; Android 7.0;) AppleWebKit/537.36 (KHTML, like Gecko) Mobile Safari/537.36 (compatible; PetalBot;+https://webmaster.petalsearch.com/site/petalbot)" "-"
192.241.213.164 - - [06/Sep/2022:05:57:12 +0000] "GET / HTTP/1.1" 301 169 "-" "Mozilla/5.0 zgrab/0.x" "-"
114.119.131.35 - - [06/Sep/2022:05:58:18 +0000] "GET /pred/33203669 HTTP/1.1" 301 169 "http://62.109.18.140/cstat/2839/page/5" "Mozilla/5.0 (Linux; Android 7.0;) AppleWebKit/537.36 (KHTML, like Gecko) Mobile Safari/537.36 (compatible; PetalBot;+https://webmaster.petalsearch.com/site/petalbot)" "-"
114.119.131.33 - - [06/Sep/2022:06:03:41 +0000] "GET /tovar/54874691 HTTP/1.1" 301 169 "http://62.109.18.140/pred/51290292" "Mozilla/5.0 (Linux; Android 7.0;) AppleWebKit/537.36 (KHTML, like Gecko) Mobile Safari/537.36 (compatible; PetalBot;+https://webmaster.petalsearch.com/site/petalbot)" "-"
185.189.182.234 - - [06/Sep/2022:06:08:12 +0000] "GET / HTTP/1.1" 400 157 "-" "-" "-"
114.119.131.35 - - [06/Sep/2022:06:08:56 +0000] "GET /pred/605783559 HTTP/1.1" 301 169 "http://62.109.18.140/cstat/5372/rreg/46/page/18" "Mozilla/5.0 (Linux; Android 7.0;) AppleWebKit/537.36 (KHTML, like Gecko) Mobile Safari/537.36 (compatible; PetalBot;+https://webmaster.petalsearch.com/site/petalbot)" "-"
66.249.70.153 - - [06/Sep/2022:06:09:13 +0000] "GET /pred/23010996 HTTP/1.1" 301 169 "-" "Mozilla/5.0 (Linux; Android 6.0.1; Nexus 5X Build/MMB29P) AppleWebKit/537.36 (KHTML, like Gecko) Chrome/104.0.5112.101 Mobile Safari/537.36 (compatible; Googlebot/2.1; +http://www.google.com/bot.html)" "-"
66.249.70.155 - - [06/Sep/2022:06:09:15 +0000] "GET /pred/23010996 HTTP/1.1" 404 275 "-" "Mozilla/5.0 (Linux; Android 6.0.1; Nexus 5X Build/MMB29P) AppleWebKit/537.36 (KHTML, like Gecko) Chrome/104.0.5112.101 Mobile Safari/537.36 (compatible; Googlebot/2.1; +http://www.google.com/bot.html)" "-"
172.105.77.209 - - [06/Sep/2022:06:11:04 +0000] "\xAA\xAA\xAA\xAAUUUUUUUU\xAA\xAA\xAA\xAAUUUU\xAA\xAA\xAA\xAAUUUU\xAA\xAA\xAA\xAAUUUU\xAA\xAA\xAA\xAAUUUU\xAA\xAA\xAA\xAAUUUU\xAA\xAA\xAA\xAAUUUU\xAA\xAA\xAA\xAA" 400 157 "-" "-" "-"
114.119.131.253 - - [06/Sep/2022:06:14:12 +0000] "GET /pred/432201421 HTTP/1.1" 301 169 "http://62.109.18.140/cstat/7786/rreg/46/page/8" "Mozilla/5.0 (Linux; Android 7.0;) AppleWebKit/537.36 (KHTML, like Gecko) Mobile Safari/537.36 (compatible; PetalBot;+https://webmaster.petalsearch.com/site/petalbot)" "-"
114.119.131.35 - - [06/Sep/2022:06:19:30 +0000] "GET /pred/1039536638 HTTP/1.1" 301 169 "http://62.109.18.140/cstat/4539/rreg/54/page/7" "Mozilla/5.0 (Linux; Android 7.0;) AppleWebKit/537.36 (KHTML, like Gecko) Mobile Safari/537.36 (compatible; PetalBot;+https://webmaster.petalsearch.com/site/petalbot)" "-"
114.119.131.253 - - [06/Sep/2022:06:24:56 +0000] "GET /cstat/4794/page/10 HTTP/1.1" 301 169 "http://62.109.18.140/cstat/4794/page/6" "Mozilla/5.0 (Linux; Android 7.0;) AppleWebKit/537.36 (KHTML, like Gecko) Mobile Safari/537.36 (compatible; PetalBot;+https://webmaster.petalsearch.com/site/petalbot)" "-"
114.119.131.253 - - [06/Sep/2022:06:30:36 +0000] "GET /tovar/54654252 HTTP/1.1" 301 169 "http://62.109.18.140/pred/411151443" "Mozilla/5.0 (Linux; Android 7.0;) AppleWebKit/537.36 (KHTML, like Gecko) Mobile Safari/537.36 (compatible; PetalBot;+https://webmaster.petalsearch.com/site/petalbot)" "-"
66.249.70.153 - - [06/Sep/2022:06:36:00 +0000] "GET /pred/20297405 HTTP/1.1" 301 169 "-" "Mozilla/5.0 (Linux; Android 6.0.1; Nexus 5X Build/MMB29P) AppleWebKit/537.36 (KHTML, like Gecko) Chrome/104.0.5112.101 Mobile Safari/537.36 (compatible; Googlebot/2.1; +http://www.google.com/bot.html)" "-"
66.249.70.155 - - [06/Sep/2022:06:36:01 +0000] "GET /pred/20297405 HTTP/1.1" 404 275 "-" "Mozilla/5.0 (Linux; Android 6.0.1; Nexus 5X Build/MMB29P) AppleWebKit/537.36 (KHTML, like Gecko) Chrome/104.0.5112.101 Mobile Safari/537.36 (compatible; Googlebot/2.1; +http://www.google.com/bot.html)" "-"
114.119.156.30 - - [06/Sep/2022:06:36:24 +0000] "GET /cstat/11458/rreg/45/page/4 HTTP/1.1" 301 169 "http://62.109.18.140/cstat/11458/rreg/45" "Mozilla/5.0 (Linux; Android 7.0;) AppleWebKit/537.36 (KHTML, like Gecko) Mobile Safari/537.36 (compatible; PetalBot;+https://webmaster.petalsearch.com/site/petalbot)" "-"
114.119.131.33 - - [06/Sep/2022:06:45:55 +0000] "GET /pred/69849855 HTTP/1.1" 301 169 "http://62.109.18.140/cstat/3638/rreg/45/page/1" "Mozilla/5.0 (Linux; Android 7.0;) AppleWebKit/537.36 (KHTML, like Gecko) Mobile Safari/537.36 (compatible; PetalBot;+https://webmaster.petalsearch.com/site/petalbot)" "-"
92.118.39.88 - - [06/Sep/2022:06:46:45 +0000] "GET / HTTP/1.1" 301 169 "-" "-" "-"
138.197.96.120 - - [06/Sep/2022:06:46:56 +0000] "GET / HTTP/1.1" 301 169 "-" "curl/7.47.0" "-"
138.197.96.120 - - [06/Sep/2022:06:46:56 +0000] "GET / HTTP/1.1" 301 169 "-" "curl/7.47.0" "-"
114.119.131.33 - - [06/Sep/2022:06:51:29 +0000] "GET /pred/1135490469 HTTP/1.1" 301 169 "http://62.109.18.140/cstat/7786/rreg/54/page/12" "Mozilla/5.0 (Linux; Android 7.0;) AppleWebKit/537.36 (KHTML, like Gecko) Mobile Safari/537.36 (compatible; PetalBot;+https://webmaster.petalsearch.com/site/petalbot)" "-"
114.119.131.33 - - [06/Sep/2022:06:57:16 +0000] "GET /pred/30111012 HTTP/1.1" 301 169 "http://62.109.18.140/cstat/4420/rreg/50" "Mozilla/5.0 (Linux; Android 7.0;) AppleWebKit/537.36 (KHTML, like Gecko) Mobile Safari/537.36 (compatible; PetalBot;+https://webmaster.petalsearch.com/site/petalbot)" "-"
167.248.133.62 - - [06/Sep/2022:07:01:07 +0000] "GET / HTTP/1.1" 301 169 "-" "-" "-"
167.248.133.62 - - [06/Sep/2022:07:01:08 +0000] "GET / HTTP/1.1" 301 169 "-" "Mozilla/5.0 (compatible; CensysInspect/1.1; +https://about.censys.io/)" "-"
167.248.133.62 - - [06/Sep/2022:07:01:08 +0000] "PRI * HTTP/2.0" 400 157 "-" "-" "-"
167.248.133.62 - - [06/Sep/2022:07:01:08 +0000] "GET / HTTP/1.1" 200 23225 "-" "Mozilla/5.0 (compatible; CensysInspect/1.1; +https://about.censys.io/)" "-"
167.248.133.62 - - [06/Sep/2022:07:01:09 +0000] "GET / HTTP/1.1" 200 23128 "-" "Go-http-client/1.1" "-"
167.248.133.62 - - [06/Sep/2022:07:01:10 +0000] "GET /favicon.ico HTTP/1.1" 404 275 "-" "Go-http-client/1.1" "-"
66.249.70.153 - - [06/Sep/2022:07:02:47 +0000] "GET /pred/540570845 HTTP/1.1" 301 169 "-" "Mozilla/5.0 (Linux; Android 6.0.1; Nexus 5X Build/MMB29P) AppleWebKit/537.36 (KHTML, like Gecko) Chrome/104.0.5112.101 Mobile Safari/537.36 (compatible; Googlebot/2.1; +http://www.google.com/bot.html)" "-"
66.249.70.155 - - [06/Sep/2022:07:02:49 +0000] "GET /pred/540570845 HTTP/1.1" 404 275 "-" "Mozilla/5.0 (Linux; Android 6.0.1; Nexus 5X Build/MMB29P) AppleWebKit/537.36 (KHTML, like Gecko) Chrome/104.0.5112.101 Mobile Safari/537.36 (compatible; Googlebot/2.1; +http://www.google.com/bot.html)" "-"
114.119.131.33 - - [06/Sep/2022:07:03:28 +0000] "GET /tovar/53857921 HTTP/1.1" 301 169 "http://62.109.18.140/pred/114133886" "Mozilla/5.0 (Linux; Android 7.0;) AppleWebKit/537.36 (KHTML, like Gecko) Mobile Safari/537.36 (compatible; PetalBot;+https://webmaster.petalsearch.com/site/petalbot)" "-"
85.93.41.221 - - [06/Sep/2022:07:09:21 +0000] "GET /robots.txt HTTP/1.1" 404 274 "-" "Mozilla/5.0 (Windows NT 10.0; Win64; x64) AppleWebKit/537.36 (KHTML, like Gecko) Chrome/104.0.0.0 Safari/537.36" "-"
85.93.41.221 - - [06/Sep/2022:07:09:21 +0000] "GET / HTTP/1.1" 200 23932 "-" "Mozilla/5.0 (Windows NT 10.0; Win64; x64) AppleWebKit/537.36 (KHTML, like Gecko) Chrome/104.0.0.0 Safari/537.36" "-"
85.93.41.221 - - [06/Sep/2022:07:09:21 +0000] "GET / HTTP/1.1" 200 23844 "https://tradesoft.ml/" "Mozilla/5.0 (Windows NT 10.0; Win64; x64) AppleWebKit/537.36 (KHTML, like Gecko) Chrome/104.0.0.0 Safari/537.36" "-"
114.119.131.35 - - [06/Sep/2022:07:09:59 +0000] "GET /pred/1140745305 HTTP/1.1" 301 169 "http://62.109.18.140/cstat/2839/page/4092" "Mozilla/5.0 (Linux; Android 7.0;) AppleWebKit/537.36 (KHTML, like Gecko) Mobile Safari/537.36 (compatible; PetalBot;+https://webmaster.petalsearch.com/site/petalbot)" "-"
154.89.5.74 - - [06/Sep/2022:07:13:20 +0000] "GET / HTTP/1.0" 301 169 "-" "-" "-"
192.241.208.109 - - [06/Sep/2022:07:16:10 +0000] "GET / HTTP/1.1" 400 255 "-" "Mozilla/5.0 zgrab/0.x" "-"
114.119.156.30 - - [06/Sep/2022:07:17:10 +0000] "GET /tovar/54745967 HTTP/1.1" 301 169 "http://62.109.18.140/pred/97394683" "Mozilla/5.0 (Linux; Android 7.0;) AppleWebKit/537.36 (KHTML, like Gecko) Mobile Safari/537.36 (compatible; PetalBot;+https://webmaster.petalsearch.com/site/petalbot)" "-"
101.43.68.37 - - [06/Sep/2022:07:21:40 +0000] "GET http://62.109.18.140:80/mysql/scripts/setup.php HTTP/1.0" 301 169 "-" "-" "-"
101.43.68.37 - - [06/Sep/2022:07:21:40 +0000] "GET http://62.109.18.140:80/pma/scripts/setup.php HTTP/1.0" 301 169 "-" "-" "-"
101.43.68.37 - - [06/Sep/2022:07:21:40 +0000] "GET http://62.109.18.140:80/db/scripts/setup.php HTTP/1.0" 301 169 "-" "-" "-"
101.43.68.37 - - [06/Sep/2022:07:21:40 +0000] "GET http://62.109.18.140:80/phpMyAdmin/scripts/setup.php HTTP/1.0" 301 169 "-" "-" "-"
114.119.156.30 - - [06/Sep/2022:07:25:13 +0000] "GET /tovar/53583048 HTTP/1.1" 301 169 "http://62.109.18.140/pred/118285473" "Mozilla/5.0 (Linux; Android 7.0;) AppleWebKit/537.36 (KHTML, like Gecko) Mobile Safari/537.36 (compatible; PetalBot;+https://webmaster.petalsearch.com/site/petalbot)" "-"
66.249.70.153 - - [06/Sep/2022:07:29:34 +0000] "GET /pred/7126995 HTTP/1.1" 301 169 "-" "Mozilla/5.0 (Linux; Android 6.0.1; Nexus 5X Build/MMB29P) AppleWebKit/537.36 (KHTML, like Gecko) Chrome/104.0.5112.101 Mobile Safari/537.36 (compatible; Googlebot/2.1; +http://www.google.com/bot.html)" "-"
66.249.70.153 - - [06/Sep/2022:07:29:36 +0000] "GET /pred/7126995 HTTP/1.1" 404 275 "-" "Mozilla/5.0 (Linux; Android 6.0.1; Nexus 5X Build/MMB29P) AppleWebKit/537.36 (KHTML, like Gecko) Chrome/104.0.5112.101 Mobile Safari/537.36 (compatible; Googlebot/2.1; +http://www.google.com/bot.html)" "-"
114.119.156.30 - - [06/Sep/2022:07:34:48 +0000] "GET /pred/588700395 HTTP/1.1" 301 169 "http://62.109.18.140/cstat/12274/page/204" "Mozilla/5.0 (Linux; Android 7.0;) AppleWebKit/537.36 (KHTML, like Gecko) Mobile Safari/537.36 (compatible; PetalBot;+https://webmaster.petalsearch.com/site/petalbot)" "-"
161.35.89.74 - - [06/Sep/2022:07:43:51 +0000] "GET / HTTP/1.1" 301 169 "-" "Mozilla/5.0 (Windows NT 10.0; Win64; x64; rv:65.0) Gecko/20100101 Firefox/65.0" "-"
161.35.89.74 - - [06/Sep/2022:07:43:51 +0000] "GET / HTTP/1.1" 301 169 "-" "Mozilla/5.0 (Windows NT 10.0; Win64; x64; rv:65.0) Gecko/20100101 Firefox/65.0" "-"
161.35.89.74 - - [06/Sep/2022:07:43:51 +0000] "GET / HTTP/1.1" 301 169 "-" "Mozilla/5.0 (Windows NT 10.0; Win64; x64; rv:65.0) Gecko/20100101 Firefox/65.0" "-"
161.35.89.74 - - [06/Sep/2022:07:43:51 +0000] "GET / HTTP/1.1" 301 169 "-" "Mozilla/5.0 (Windows NT 10.0; Win64; x64; rv:65.0) Gecko/20100101 Firefox/65.0" "-"
161.35.89.74 - - [06/Sep/2022:07:43:51 +0000] "GET / HTTP/1.1" 200 23258 "http://tradesoft.ga/" "Mozilla/5.0 (Windows NT 10.0; Win64; x64; rv:65.0) Gecko/20100101 Firefox/65.0" "-"
161.35.89.74 - - [06/Sep/2022:07:43:51 +0000] "GET / HTTP/1.1" 200 23264 "http://www.tradesoft.ml/" "Mozilla/5.0 (Windows NT 10.0; Win64; x64; rv:65.0) Gecko/20100101 Firefox/65.0" "-"
161.35.89.74 - - [06/Sep/2022:07:43:51 +0000] "GET / HTTP/1.1" 200 23266 "http://www.tradesoft.ga/" "Mozilla/5.0 (Windows NT 10.0; Win64; x64; rv:65.0) Gecko/20100101 Firefox/65.0" "-"
161.35.89.74 - - [06/Sep/2022:07:43:51 +0000] "GET / HTTP/1.1" 200 23259 "http://tradesoft.ml/" "Mozilla/5.0 (Windows NT 10.0; Win64; x64; rv:65.0) Gecko/20100101 Firefox/65.0" "-"
161.35.89.74 - - [06/Sep/2022:07:43:51 +0000] "GET / HTTP/1.1" 200 23117 "-" "Go-http-client/1.1" "-"
161.35.89.74 - - [06/Sep/2022:07:43:51 +0000] "GET / HTTP/1.1" 200 23119 "-" "Go-http-client/1.1" "-"
161.35.89.74 - - [06/Sep/2022:07:43:51 +0000] "GET / HTTP/1.1" 200 23118 "-" "Go-http-client/1.1" "-"
161.35.89.74 - - [06/Sep/2022:07:43:51 +0000] "GET / HTTP/1.1" 200 23115 "-" "Go-http-client/1.1" "-"
114.119.156.30 - - [06/Sep/2022:07:46:27 +0000] "GET /pred/615150525 HTTP/1.1" 301 169 "http://62.109.18.140/cstat/3621/rreg/40/page/138" "Mozilla/5.0 (Linux; Android 7.0;) AppleWebKit/537.36 (KHTML, like Gecko) Mobile Safari/537.36 (compatible; PetalBot;+https://webmaster.petalsearch.com/site/petalbot)" "-"
138.197.96.120 - - [06/Sep/2022:07:49:31 +0000] "GET / HTTP/1.1" 301 169 "-" "curl/7.47.0" "-"
138.197.96.120 - - [06/Sep/2022:07:49:31 +0000] "GET / HTTP/1.1" 301 169 "-" "curl/7.47.0" "-"
114.119.131.254 - - [06/Sep/2022:07:59:39 +0000] "GET /pred/615736770 HTTP/1.1" 301 169 "http://62.109.18.140/cstat/7803/page/173" "Mozilla/5.0 (Linux; Android 7.0;) AppleWebKit/537.36 (KHTML, like Gecko) Mobile Safari/537.36 (compatible; PetalBot;+https://webmaster.petalsearch.com/site/petalbot)" "-"
198.240.89.150 - - [06/Sep/2022:08:05:31 +0000] "GET / HTTP/1.1" 301 169 "-" "Mozilla/5.0 (Windows NT 10.0; Win64; x64) AppleWebKit/537.36 (KHTML, like Gecko) Chrome/104.0.0.0 Safari/537.36" "-"
185.240.252.37 - - [06/Sep/2022:08:05:36 +0000] "GET / HTTP/1.1" 200 23726 "-" "Mozilla/5.0 (Windows NT 10.0; Win64; x64) AppleWebKit/537.36 (KHTML, like Gecko) Chrome/104.0.0.0 Safari/537.36" "-"
168.151.172.199 - - [06/Sep/2022:08:06:01 +0000] "GET / HTTP/1.1" 200 23723 "-" "Mozilla/5.0 (Windows NT 10.0; Win64; x64) AppleWebKit/537.36 (KHTML, like Gecko) Chrome/104.0.0.0 Safari/537.36" "-"
114.119.131.248 - - [06/Sep/2022:08:12:59 +0000] "GET /tovar/54919248 HTTP/1.1" 301 169 "http://62.109.18.140/pred/146067247" "Mozilla/5.0 (Linux; Android 7.0;) AppleWebKit/537.36 (KHTML, like Gecko) Mobile Safari/537.36 (compatible; PetalBot;+https://webmaster.petalsearch.com/site/petalbot)" "-"
114.119.131.253 - - [06/Sep/2022:08:39:36 +0000] "GET /tovar/53571709 HTTP/1.1" 301 169 "http://62.109.18.140/pred/450304364" "Mozilla/5.0 (Linux; Android 7.0;) AppleWebKit/537.36 (KHTML, like Gecko) Mobile Safari/537.36 (compatible; PetalBot;+https://webmaster.petalsearch.com/site/petalbot)" "-"
66.249.70.157 - - [06/Sep/2022:08:46:28 +0000] "GET /pred/456674009 HTTP/1.1" 301 169 "-" "Mozilla/5.0 (Linux; Android 6.0.1; Nexus 5X Build/MMB29P) AppleWebKit/537.36 (KHTML, like Gecko) Chrome/104.0.5112.101 Mobile Safari/537.36 (compatible; Googlebot/2.1; +http://www.google.com/bot.html)" "-"
66.249.70.153 - - [06/Sep/2022:08:46:28 +0000] "GET /robots.txt HTTP/1.1" 404 275 "-" "Mozilla/5.0 (compatible; Googlebot/2.1; +http://www.google.com/bot.html)" "-"
66.249.70.153 - - [06/Sep/2022:08:46:28 +0000] "GET /pred/456674009 HTTP/1.1" 404 275 "-" "Mozilla/5.0 (Linux; Android 6.0.1; Nexus 5X Build/MMB29P) AppleWebKit/537.36 (KHTML, like Gecko) Chrome/104.0.5112.101 Mobile Safari/537.36 (compatible; Googlebot/2.1; +http://www.google.com/bot.html)" "-"
138.197.96.120 - - [06/Sep/2022:08:49:08 +0000] "GET / HTTP/1.1" 301 169 "-" "curl/7.47.0" "-"
138.197.96.120 - - [06/Sep/2022:08:49:08 +0000] "GET / HTTP/1.1" 301 169 "-" "curl/7.47.0" "-"
114.119.131.248 - - [06/Sep/2022:08:52:33 +0000] "GET /tovar/55205885 HTTP/1.1" 301 169 "http://62.109.18.140/pred/90996308" "Mozilla/5.0 (Linux; Android 7.0;) AppleWebKit/537.36 (KHTML, like Gecko) Mobile Safari/537.36 (compatible; PetalBot;+https://webmaster.petalsearch.com/site/petalbot)" "-"
161.35.188.242 - - [06/Sep/2022:09:04:52 +0000] "GET / HTTP/1.1" 400 157 "-" "-" "-"
161.35.188.242 - - [06/Sep/2022:09:04:55 +0000] "GET / HTTP/1.1" 200 84996 "-" "l9tcpid/v1.1.0" "-"
161.35.188.242 - - [06/Sep/2022:09:05:28 +0000] "PUT /vendor/phpunit/phpunit/src/Util/PHP/eval-stdin.php HTTP/1.1" 405 299 "-" "Go-http-client/1.1" "-"
161.35.188.242 - - [06/Sep/2022:09:05:28 +0000] "GET /cgi-bin/.%2e/%2e%2e/%2e%2e/%2e%2e/%2e%2e/%2e%2e/%2e%2e/%2e%2e/%2e%2e/etc/hosts HTTP/1.1" 400 157 "-" "-" "-"
161.35.188.242 - - [06/Sep/2022:09:05:29 +0000] "GET /global-protect/portal/images/favicon.ico HTTP/1.1" 404 275 "-" "Go-http-client/1.1" "-"
161.35.188.242 - - [06/Sep/2022:09:05:29 +0000] "GET /cgi-bin/.%2e/%2e%2e/%2e%2e/%2e%2e/%2e%2e/%2e%2e/%2e%2e/%2e%2e/%2e%2e/etc/hosts HTTP/1.1" 400 157 "-" "-" "-"
161.35.188.242 - - [06/Sep/2022:09:05:30 +0000] "GET /.DS_Store HTTP/1.1" 404 275 "-" "Go-http-client/1.1" "-"
161.35.188.242 - - [06/Sep/2022:09:05:30 +0000] "GET /hardhat.config.js HTTP/1.1" 404 275 "-" "l9explore/1.3.0" "-"
114.119.131.248 - - [06/Sep/2022:09:05:38 +0000] "GET /tovar/53556732 HTTP/1.1" 301 169 "http://62.109.18.140/pred/516389552" "Mozilla/5.0 (Linux; Android 7.0;) AppleWebKit/537.36 (KHTML, like Gecko) Mobile Safari/537.36 (compatible; PetalBot;+https://webmaster.petalsearch.com/site/petalbot)" "-"
43.153.10.221 - - [06/Sep/2022:09:11:45 +0000] "GET / HTTP/1.1" 400 425 "-" "curl/7.64.1" "-"
209.141.36.231 - - [06/Sep/2022:09:18:09 +0000] "GET / HTTP/1.1" 200 23623 "-" "Mozilla/5.0 (Macintosh; Intel Mac OS X 10_15_7) AppleWebKit/537.36 (KHTML, like Gecko) Chrome/96.0.4664.110 Safari/537.36" "-"
209.141.36.231 - - [06/Sep/2022:09:18:09 +0000] "GET /favicon.ico HTTP/1.1" 404 274 "-" "Mozilla/5.0 (Macintosh; Intel Mac OS X 10_15_7) AppleWebKit/537.36 (KHTML, like Gecko) Chrome/96.0.4664.110 Safari/537.36" "-"
8.31.2.47 - - [06/Sep/2022:09:18:21 +0000] "GET / HTTP/1.1" 200 23609 "-" "Mozilla/5.0 (Macintosh; Intel Mac OS X 10_15_7) AppleWebKit/537.36 (KHTML, like Gecko) Chrome/96.0.4664.110 Safari/537.36" "-"
8.31.2.47 - - [06/Sep/2022:09:18:21 +0000] "GET /favicon.ico HTTP/1.1" 404 274 "-" "Mozilla/5.0 (Macintosh; Intel Mac OS X 10_15_7) AppleWebKit/537.36 (KHTML, like Gecko) Chrome/96.0.4664.110 Safari/537.36" "-"
104.28.242.56 - - [06/Sep/2022:09:18:24 +0000] "GET / HTTP/1.1" 200 23618 "-" "Mozilla/5.0 (Macintosh; Intel Mac OS X 10_15_7) AppleWebKit/537.36 (KHTML, like Gecko) Chrome/96.0.4664.110 Safari/537.36" "-"
104.28.242.56 - - [06/Sep/2022:09:18:24 +0000] "GET /favicon.ico HTTP/1.1" 404 274 "-" "Mozilla/5.0 (Macintosh; Intel Mac OS X 10_15_7) AppleWebKit/537.36 (KHTML, like Gecko) Chrome/96.0.4664.110 Safari/537.36" "-"
205.185.116.89 - - [06/Sep/2022:09:18:29 +0000] "GET / HTTP/1.1" 200 23628 "-" "Mozilla/5.0 (Macintosh; Intel Mac OS X 10_15_7) AppleWebKit/537.36 (KHTML, like Gecko) Chrome/96.0.4664.110 Safari/537.36" "-"
205.185.116.89 - - [06/Sep/2022:09:18:30 +0000] "GET /favicon.ico HTTP/1.1" 404 275 "-" "Mozilla/5.0 (Macintosh; Intel Mac OS X 10_15_7) AppleWebKit/537.36 (KHTML, like Gecko) Chrome/96.0.4664.110 Safari/537.36" "-"
114.119.131.253 - - [06/Sep/2022:09:20:18 +0000] "GET /pred/1103293064 HTTP/1.1" 301 169 "http://62.109.18.140/cstat/6511/rreg/17/page/14" "Mozilla/5.0 (Linux; Android 7.0;) AppleWebKit/537.36 (KHTML, like Gecko) Mobile Safari/537.36 (compatible; PetalBot;+https://webmaster.petalsearch.com/site/petalbot)" "-"
128.14.133.58 - - [06/Sep/2022:09:28:12 +0000] "GET / HTTP/1.1" 200 23300 "-" "Mozilla/5.0 (Windows NT 10.0; Win64; x64) AppleWebKit/537.36 (KHTML, like Gecko) Chrome/60.0.3112.113 Safari/537.36" "-"
66.249.70.157 - - [06/Sep/2022:09:31:28 +0000] "GET /pred/500386789 HTTP/1.1" 301 169 "-" "Mozilla/5.0 (Linux; Android 6.0.1; Nexus 5X Build/MMB29P) AppleWebKit/537.36 (KHTML, like Gecko) Chrome/104.0.5112.101 Mobile Safari/537.36 (compatible; Googlebot/2.1; +http://www.google.com/bot.html)" "-"
66.249.70.155 - - [06/Sep/2022:09:31:29 +0000] "GET /pred/500386789 HTTP/1.1" 404 275 "-" "Mozilla/5.0 (Linux; Android 6.0.1; Nexus 5X Build/MMB29P) AppleWebKit/537.36 (KHTML, like Gecko) Chrome/104.0.5112.101 Mobile Safari/537.36 (compatible; Googlebot/2.1; +http://www.google.com/bot.html)" "-"
114.119.131.33 - - [06/Sep/2022:09:34:15 +0000] "GET /pred/527789803 HTTP/1.1" 301 169 "http://62.109.18.140/cstat/11594/rreg/46/page/7" "Mozilla/5.0 (Linux; Android 7.0;) AppleWebKit/537.36 (KHTML, like Gecko) Mobile Safari/537.36 (compatible; PetalBot;+https://webmaster.petalsearch.com/site/petalbot)" "-"
138.197.96.120 - - [06/Sep/2022:09:47:43 +0000] "GET / HTTP/1.1" 301 169 "-" "curl/7.47.0" "-"
138.197.96.120 - - [06/Sep/2022:09:47:44 +0000] "GET / HTTP/1.1" 301 169 "-" "curl/7.47.0" "-"
114.119.131.254 - - [06/Sep/2022:09:48:38 +0000] "GET /tovar/54871767 HTTP/1.1" 301 169 "http://62.109.18.140/pred/16019967" "Mozilla/5.0 (Linux; Android 7.0;) AppleWebKit/537.36 (KHTML, like Gecko) Mobile Safari/537.36 (compatible; PetalBot;+https://webmaster.petalsearch.com/site/petalbot)" "-"
114.119.131.248 - - [06/Sep/2022:10:01:46 +0000] "GET /pred/412029102 HTTP/1.1" 301 169 "http://62.109.18.140/cstat/18139/rreg/11" "Mozilla/5.0 (Linux; Android 7.0;) AppleWebKit/537.36 (KHTML, like Gecko) Mobile Safari/537.36 (compatible; PetalBot;+https://webmaster.petalsearch.com/site/petalbot)" "-"
185.216.71.180 - - [06/Sep/2022:10:06:49 +0000] "GET / HTTP/1.1" 301 169 "-" "-" "-"
185.216.71.180 - Gemtek [06/Sep/2022:10:06:53 +0000] "POST /debug.cgi HTTP/1.1" 301 169 "-" "python-requests/2.21.0" "-"
185.216.71.180 - - [06/Sep/2022:10:06:54 +0000] "" 400 0 "-" "-" "-"
109.237.103.123 - - [06/Sep/2022:10:08:16 +0000] "GET /.env HTTP/1.1" 301 169 "-" "Mozilla/5.0 (X11; Linux x86_64) AppleWebKit/537.36 (KHTML, like Gecko) Chrome/81.0.4044.129 Safari/537.36" "-"
109.237.103.123 - - [06/Sep/2022:10:08:16 +0000] "POST /.env HTTP/1.1" 301 169 "-" "Mozilla/5.0 (X11; Linux x86_64) AppleWebKit/537.36 (KHTML, like Gecko) Chrome/81.0.4044.129 Safari/537.36" "-"
109.237.103.123 - - [06/Sep/2022:10:08:16 +0000] "GET /.aws/credentials HTTP/1.1" 301 169 "-" "Mozilla/5.0 (X11; Linux x86_64) AppleWebKit/537.36 (KHTML, like Gecko) Chrome/81.0.4044.129 Safari/537.36" "-"
109.237.103.123 - - [06/Sep/2022:10:08:16 +0000] "POST /.aws/credentials HTTP/1.1" 301 169 "-" "Mozilla/5.0 (X11; Linux x86_64) AppleWebKit/537.36 (KHTML, like Gecko) Chrome/81.0.4044.129 Safari/537.36" "-"
109.237.103.123 - - [06/Sep/2022:10:08:17 +0000] "\x16\x03\x01\x01D\x01\x00\x01@\x03\x03/|\xB7\x08\x13F\x8A\x10\xED0\xCE\xE4\x02\x17\xC8g\xF8g\x00\xAD\xC5>\x036P\x8A\x93\xC4;@\xED\xA3 9p\x18\xC9\xC1\xC1\x1FZ\xE5\xF0q\xF3\x14b}\x9EG~7\xBF\x91&x\xA0@\xE6\x92\xDFja\xE6\xFB\x00b\x13\x02\x13\x03\x13\x01\xC0,\xC00\xC0+\xC0/\xCC\xA9\xCC\xA8\x00\xA3\x00\x9F\x00\xA2\x00\x9E\xCC\xAA\xC0\xAF\xC0\xAD\xC0$\xC0(\xC0" 400 157 "-" "-" "-"
109.237.103.123 - - [06/Sep/2022:10:08:17 +0000] "GET /.aws/config HTTP/1.1" 301 169 "-" "Mozilla/5.0 (X11; Linux x86_64) AppleWebKit/537.36 (KHTML, like Gecko) Chrome/81.0.4044.129 Safari/537.36" "-"
109.237.103.123 - - [06/Sep/2022:10:08:17 +0000] "POST /.aws/config HTTP/1.1" 301 169 "-" "Mozilla/5.0 (X11; Linux x86_64) AppleWebKit/537.36 (KHTML, like Gecko) Chrome/81.0.4044.129 Safari/537.36" "-"
109.237.103.123 - - [06/Sep/2022:10:08:17 +0000] "GET /aws/credentials HTTP/1.1" 301 169 "-" "Mozilla/5.0 (X11; Linux x86_64) AppleWebKit/537.36 (KHTML, like Gecko) Chrome/81.0.4044.129 Safari/537.36" "-"
114.119.131.248 - - [06/Sep/2022:10:12:19 +0000] "GET /tovar/54747463 HTTP/1.1" 301 169 "http://62.109.18.140/pred/391969425" "Mozilla/5.0 (Linux; Android 7.0;) AppleWebKit/537.36 (KHTML, like Gecko) Mobile Safari/537.36 (compatible; PetalBot;+https://webmaster.petalsearch.com/site/petalbot)" "-"
66.249.70.155 - - [06/Sep/2022:10:13:56 +0000] "GET /pred/444644911 HTTP/1.1" 301 169 "-" "Mozilla/5.0 (Linux; Android 6.0.1; Nexus 5X Build/MMB29P) AppleWebKit/537.36 (KHTML, like Gecko) Chrome/104.0.5112.101 Mobile Safari/537.36 (compatible; Googlebot/2.1; +http://www.google.com/bot.html)" "-"
66.249.70.155 - - [06/Sep/2022:10:13:57 +0000] "GET /pred/444644911 HTTP/1.1" 404 275 "-" "Mozilla/5.0 (Linux; Android 6.0.1; Nexus 5X Build/MMB29P) AppleWebKit/537.36 (KHTML, like Gecko) Chrome/104.0.5112.101 Mobile Safari/537.36 (compatible; Googlebot/2.1; +http://www.google.com/bot.html)" "-"
114.119.156.30 - - [06/Sep/2022:10:21:04 +0000] "GET /pred/53923473 HTTP/1.1" 301 169 "http://62.109.18.140/cstat/4930/rreg/60" "Mozilla/5.0 (Linux; Android 7.0;) AppleWebKit/537.36 (KHTML, like Gecko) Mobile Safari/537.36 (compatible; PetalBot;+https://webmaster.petalsearch.com/site/petalbot)" "-"
85.93.41.221 - - [06/Sep/2022:10:22:12 +0000] "GET / HTTP/1.1" 301 169 "-" "Mozilla/5.0 (Windows NT 10.0; Win64; x64) AppleWebKit/537.36 (KHTML, like Gecko) Chrome/104.0.0.0 Safari/537.36" "-"
85.93.41.221 - - [06/Sep/2022:10:22:12 +0000] "GET /robots.txt HTTP/1.1" 301 169 "-" "Mozilla/5.0 (Windows NT 10.0; Win64; x64) AppleWebKit/537.36 (KHTML, like Gecko) Chrome/104.0.0.0 Safari/537.36" "-"
85.93.41.221 - - [06/Sep/2022:10:22:12 +0000] "GET / HTTP/1.1" 200 23937 "-" "Mozilla/5.0 (Windows NT 10.0; Win64; x64) AppleWebKit/537.36 (KHTML, like Gecko) Chrome/104.0.0.0 Safari/537.36" "-"
85.93.41.221 - - [06/Sep/2022:10:22:12 +0000] "GET /robots.txt HTTP/1.1" 404 274 "-" "Mozilla/5.0 (Windows NT 10.0; Win64; x64) AppleWebKit/537.36 (KHTML, like Gecko) Chrome/104.0.0.0 Safari/537.36" "-"
85.93.41.221 - - [06/Sep/2022:10:22:12 +0000] "GET /robots.txt HTTP/1.1" 404 274 "-" "Mozilla/5.0 (Windows NT 10.0; Win64; x64) AppleWebKit/537.36 (KHTML, like Gecko) Chrome/104.0.0.0 Safari/537.36" "-"
85.93.41.221 - - [06/Sep/2022:10:22:12 +0000] "GET / HTTP/1.1" 200 23850 "https://tradesoft.ga/" "Mozilla/5.0 (Windows NT 10.0; Win64; x64) AppleWebKit/537.36 (KHTML, like Gecko) Chrome/104.0.0.0 Safari/537.36" "-"
85.93.41.221 - - [06/Sep/2022:10:22:20 +0000] "GET /gf HTTP/1.1" 404 274 "-" "Mozilla/5.0 (Windows NT 10.0; Win64; x64) AppleWebKit/537.36 (KHTML, like Gecko) Chrome/104.0.0.0 Safari/537.36" "-"
85.93.41.221 - - [06/Sep/2022:10:22:20 +0000] "GET /favicon.ico HTTP/1.1" 404 274 "https://tradesoft.ga/gf" "Mozilla/5.0 (Windows NT 10.0; Win64; x64) AppleWebKit/537.36 (KHTML, like Gecko) Chrome/104.0.0.0 Safari/537.36" "-"
90.150.83.5 - - [06/Sep/2022:10:22:46 +0000] "GET /gf HTTP/1.1" 404 274 "https://www.google.com/" "Mozilla/5.0 (Windows NT 10.0; Win64; x64) AppleWebKit/537.36 (KHTML, like Gecko) Chrome/103.0.0.0 Safari/537.36" "-"
114.119.131.35 - - [06/Sep/2022:10:28:18 +0000] "GET /pred/84239777 HTTP/1.1" 301 169 "http://62.109.18.140/cstat/10489/rreg/45/page/4" "Mozilla/5.0 (Linux; Android 7.0;) AppleWebKit/537.36 (KHTML, like Gecko) Mobile Safari/537.36 (compatible; PetalBot;+https://webmaster.petalsearch.com/site/petalbot)" "-"
114.119.156.30 - - [06/Sep/2022:10:35:05 +0000] "GET /tovar/54874385 HTTP/1.1" 301 169 "http://62.109.18.140/pred/1142356446" "Mozilla/5.0 (Linux; Android 7.0;) AppleWebKit/537.36 (KHTML, like Gecko) Mobile Safari/537.36 (compatible; PetalBot;+https://webmaster.petalsearch.com/site/petalbot)" "-"
114.119.131.33 - - [06/Sep/2022:10:41:38 +0000] "GET /pred/29528218 HTTP/1.1" 301 169 "http://62.109.18.140/cstat/5304/page/90" "Mozilla/5.0 (Linux; Android 7.0;) AppleWebKit/537.36 (KHTML, like Gecko) Mobile Safari/537.36 (compatible; PetalBot;+https://webmaster.petalsearch.com/site/petalbot)" "-"
138.197.96.120 - - [06/Sep/2022:10:47:07 +0000] "GET / HTTP/1.1" 301 169 "-" "curl/7.47.0" "-"
138.197.96.120 - - [06/Sep/2022:10:47:07 +0000] "GET / HTTP/1.1" 301 169 "-" "curl/7.47.0" "-"
114.119.131.33 - - [06/Sep/2022:10:48:00 +0000] "GET /pred/53376481 HTTP/1.1" 301 169 "http://62.109.18.140/cstat/8177/rreg/40/page/2" "Mozilla/5.0 (Linux; Android 7.0;) AppleWebKit/537.36 (KHTML, like Gecko) Mobile Safari/537.36 (compatible; PetalBot;+https://webmaster.petalsearch.com/site/petalbot)" "-"
152.89.196.62 - - [06/Sep/2022:10:56:10 +0000] "GET /?XDEBUG_SESSION_START=phpstorm HTTP/1.1" 200 23375 "-" "Mozilla/5.0 (Windows NT 10.0; Win64; x64) AppleWebKit/537.36 (KHTML, like Gecko) Chrome/78.0.3904.108 Safari/537.36" "-"
66.249.70.155 - - [06/Sep/2022:10:56:22 +0000] "GET /robots.txt HTTP/1.1" 301 169 "-" "Mozilla/5.0 (compatible; Googlebot/2.1; +http://www.google.com/bot.html)" "-"
66.249.70.155 - - [06/Sep/2022:10:56:22 +0000] "GET /robots.txt HTTP/1.1" 404 275 "-" "Mozilla/5.0 (compatible; Googlebot/2.1; +http://www.google.com/bot.html)" "-"
66.249.70.155 - - [06/Sep/2022:10:56:22 +0000] "GET /pred/455400709 HTTP/1.1" 301 169 "-" "Mozilla/5.0 (Linux; Android 6.0.1; Nexus 5X Build/MMB29P) AppleWebKit/537.36 (KHTML, like Gecko) Chrome/104.0.5112.101 Mobile Safari/537.36 (compatible; Googlebot/2.1; +http://www.google.com/bot.html)" "-"
66.249.70.153 - - [06/Sep/2022:10:56:24 +0000] "GET /pred/455400709 HTTP/1.1" 404 275 "-" "Mozilla/5.0 (Linux; Android 6.0.1; Nexus 5X Build/MMB29P) AppleWebKit/537.36 (KHTML, like Gecko) Chrome/104.0.5112.101 Mobile Safari/537.36 (compatible; Googlebot/2.1; +http://www.google.com/bot.html)" "-"
183.136.225.35 - - [06/Sep/2022:10:56:29 +0000] "GET / HTTP/1.1" 200 85397 "-" "Mozilla/5.0 (Macintosh; Intel Mac OS X 10.11; rv:47.0) Gecko/20100101 Firefox/47.0" "-"
114.119.131.253 - - [06/Sep/2022:11:00:15 +0000] "GET /pred/112638481 HTTP/1.1" 301 169 "http://62.109.18.140/cstat/10336/rreg/66" "Mozilla/5.0 (Linux; Android 7.0;) AppleWebKit/537.36 (KHTML, like Gecko) Mobile Safari/537.36 (compatible; PetalBot;+https://webmaster.petalsearch.com/site/petalbot)" "-"
117.196.234.227 - - [06/Sep/2022:11:02:12 +0000] "GET / HTTP/1.1" 301 169 "-" "Mozilla/5.0 (Windows NT 6.1; WOW64) AppleWebKit/537.36 (KHTML, like Gecko) Chrome/51.0.2704.103 Safari/537.36" "-"
2.57.122.98 - - [06/Sep/2022:11:05:01 +0000] "GET / HTTP/1.1" 301 169 "-" "Mozilla/5.0 (Windows NT 10.0; Win64; x64) AppleWebKit/537.36 (KHTML, like Gecko) Chrome/90.0.4430.85 Safari/537.36 Edg/90.0.818.46" "-"
114.119.131.248 - - [06/Sep/2022:11:06:27 +0000] "GET /pred/188904918 HTTP/1.1" 301 169 "http://62.109.18.140/cstat/4301/rreg/5/page/5" "Mozilla/5.0 (Linux; Android 7.0;) AppleWebKit/537.36 (KHTML, like Gecko) Mobile Safari/537.36 (compatible; PetalBot;+https://webmaster.petalsearch.com/site/petalbot)" "-"
31.131.135.250 - - [06/Sep/2022:11:07:25 +0000] "GET / HTTP/1.1" 301 169 "-" "Mozilla/5.0 (Windows NT 5.1; rv:9.0.1) Gecko/20100101 Firefox/9.0.1" "-"
31.131.135.250 - - [06/Sep/2022:11:07:26 +0000] "GET / HTTP/1.1" 200 23350 "-" "Mozilla/5.0 (Windows NT 5.1; rv:9.0.1) Gecko/20100101 Firefox/9.0.1" "-"
31.131.135.250 - - [06/Sep/2022:11:07:26 +0000] "CONNECT www.msftncsi.com:443 HTTP/1.1" 400 157 "-" "-" "-"
31.131.135.250 - - [06/Sep/2022:11:07:26 +0000] "CONNECT www.msftncsi.com:443 HTTP/1.1" 400 157 "-" "-" "-"
31.131.135.250 - - [06/Sep/2022:11:07:26 +0000] "CONNECT www.msftncsi.com:443 HTTP/1.1" 400 157 "-" "-" "-"
31.131.135.250 - - [06/Sep/2022:11:07:26 +0000] "CONNECT www.msftncsi.com:443 HTTP/1.1" 400 157 "-" "-" "-"
31.131.135.250 - - [06/Sep/2022:11:07:27 +0000] "CONNECT www.msftncsi.com:443 HTTP/1.1" 400 157 "-" "-" "-"
31.131.135.250 - - [06/Sep/2022:11:07:27 +0000] "CONNECT www.msftncsi.com:443 HTTP/1.1" 400 157 "-" "-" "-"
31.131.135.250 - - [06/Sep/2022:11:07:28 +0000] "CONNECT www.msftncsi.com:443 HTTP/1.1" 400 157 "-" "-" "-"
31.131.135.250 - - [06/Sep/2022:11:07:28 +0000] "CONNECT www.msftncsi.com:443 HTTP/1.1" 400 157 "-" "-" "-"
31.131.135.250 - - [06/Sep/2022:11:07:29 +0000] "CONNECT www.msftncsi.com:443 HTTP/1.1" 400 157 "-" "-" "-"
31.131.135.250 - - [06/Sep/2022:11:07:30 +0000] "CONNECT www.msftncsi.com:443 HTTP/1.1" 400 157 "-" "-" "-"
31.131.135.250 - - [06/Sep/2022:11:07:30 +0000] "CONNECT www.msftncsi.com:443 HTTP/1.1" 400 157 "-" "-" "-"
31.131.135.250 - - [06/Sep/2022:11:07:30 +0000] "CONNECT www.msftncsi.com:443 HTTP/1.1" 400 157 "-" "-" "-"
31.131.135.250 - - [06/Sep/2022:11:07:31 +0000] "CONNECT www.msftncsi.com:443 HTTP/1.1" 400 157 "-" "-" "-"
31.131.135.250 - - [06/Sep/2022:11:07:31 +0000] "CONNECT www.msftncsi.com:443 HTTP/1.1" 400 157 "-" "-" "-"
31.131.135.250 - - [06/Sep/2022:11:07:34 +0000] "CONNECT www.msftncsi.com:443 HTTP/1.1" 400 157 "-" "-" "-"
31.131.135.250 - - [06/Sep/2022:11:07:35 +0000] "CONNECT www.msftncsi.com:443 HTTP/1.1" 400 157 "-" "-" "-"
31.131.135.250 - - [06/Sep/2022:11:07:35 +0000] "CONNECT www.msftncsi.com:443 HTTP/1.1" 400 157 "-" "-" "-"
31.131.135.250 - - [06/Sep/2022:11:07:35 +0000] "CONNECT www.msftncsi.com:443 HTTP/1.1" 400 157 "-" "-" "-"
31.131.135.250 - - [06/Sep/2022:11:07:35 +0000] "CONNECT www.msftncsi.com:443 HTTP/1.1" 400 157 "-" "-" "-"
31.131.135.250 - - [06/Sep/2022:11:07:35 +0000] "CONNECT www.msftncsi.com:443 HTTP/1.1" 400 157 "-" "-" "-"
31.131.135.250 - - [06/Sep/2022:11:07:36 +0000] "CONNECT www.msftncsi.com:443 HTTP/1.1" 400 157 "-" "-" "-"
31.131.135.250 - - [06/Sep/2022:11:07:37 +0000] "CONNECT www.msftncsi.com:443 HTTP/1.1" 400 157 "-" "-" "-"
31.131.135.250 - - [06/Sep/2022:11:07:37 +0000] "CONNECT www.msftncsi.com:443 HTTP/1.1" 400 157 "-" "-" "-"
31.131.135.250 - - [06/Sep/2022:11:07:38 +0000] "CONNECT www.msftncsi.com:443 HTTP/1.1" 400 157 "-" "-" "-"
31.131.135.250 - - [06/Sep/2022:11:07:39 +0000] "CONNECT www.msftncsi.com:443 HTTP/1.1" 400 157 "-" "-" "-"
31.131.135.250 - - [06/Sep/2022:11:07:39 +0000] "CONNECT www.msftncsi.com:443 HTTP/1.1" 400 157 "-" "-" "-"
31.131.135.250 - - [06/Sep/2022:11:07:42 +0000] "CONNECT www.msftncsi.com:443 HTTP/1.1" 400 157 "-" "-" "-"
31.131.135.250 - - [06/Sep/2022:11:07:45 +0000] "CONNECT www.msftncsi.com:443 HTTP/1.1" 400 157 "-" "-" "-"
31.131.135.250 - - [06/Sep/2022:11:07:45 +0000] "CONNECT www.msftncsi.com:443 HTTP/1.1" 400 157 "-" "-" "-"
31.131.135.250 - - [06/Sep/2022:11:07:49 +0000] "CONNECT www.msftncsi.com:443 HTTP/1.1" 400 157 "-" "-" "-"
31.131.135.250 - - [06/Sep/2022:11:07:49 +0000] "CONNECT www.msftncsi.com:443 HTTP/1.1" 400 157 "-" "-" "-"
31.131.135.250 - - [06/Sep/2022:11:07:50 +0000] "CONNECT www.msftncsi.com:443 HTTP/1.1" 400 157 "-" "-" "-"
31.131.135.250 - - [06/Sep/2022:11:07:51 +0000] "CONNECT www.msftncsi.com:443 HTTP/1.1" 400 157 "-" "-" "-"
31.131.135.250 - - [06/Sep/2022:11:07:51 +0000] "CONNECT www.msftncsi.com:443 HTTP/1.1" 400 157 "-" "-" "-"
31.131.135.250 - - [06/Sep/2022:11:07:52 +0000] "CONNECT www.msftncsi.com:443 HTTP/1.1" 400 157 "-" "-" "-"
31.131.135.250 - - [06/Sep/2022:11:07:52 +0000] "CONNECT www.msftncsi.com:443 HTTP/1.1" 400 157 "-" "-" "-"
31.131.135.250 - - [06/Sep/2022:11:07:53 +0000] "CONNECT www.msftncsi.com:443 HTTP/1.1" 400 157 "-" "-" "-"
31.131.135.250 - - [06/Sep/2022:11:07:53 +0000] "CONNECT www.msftncsi.com:443 HTTP/1.1" 400 157 "-" "-" "-"
31.131.135.250 - - [06/Sep/2022:11:07:54 +0000] "CONNECT www.msftncsi.com:443 HTTP/1.1" 400 157 "-" "-" "-"
31.131.135.250 - - [06/Sep/2022:11:07:54 +0000] "CONNECT www.msftncsi.com:443 HTTP/1.1" 400 157 "-" "-" "-"
31.131.135.250 - - [06/Sep/2022:11:07:55 +0000] "CONNECT www.msftncsi.com:443 HTTP/1.1" 400 157 "-" "-" "-"
31.131.135.250 - - [06/Sep/2022:11:07:55 +0000] "CONNECT www.msftncsi.com:443 HTTP/1.1" 400 157 "-" "-" "-"
31.131.135.250 - - [06/Sep/2022:11:07:55 +0000] "CONNECT www.msftncsi.com:443 HTTP/1.1" 400 157 "-" "-" "-"
31.131.135.250 - - [06/Sep/2022:11:07:55 +0000] "CONNECT www.msftncsi.com:443 HTTP/1.1" 400 157 "-" "-" "-"
