[Wed Sep 07 00:22:06.198880 2022] [core:info] [pid 19] [client 10.5.0.3:34772] AH00128: File does not exist: /var/www/ga/pred/479787039
[Wed Sep 07 01:15:40.476997 2022] [core:info] [pid 20] [client 10.5.0.3:50746] AH00128: File does not exist: /var/www/ga/pred/414629269
[Wed Sep 07 02:53:58.683389 2022] [core:info] [pid 18] [client 10.5.0.3:33512] AH00128: File does not exist: /var/www/ga/actuator/gateway/routes, referer: http://62.109.18.140:80/actuator/gateway/routes
[Wed Sep 07 05:20:43.959025 2022] [core:info] [pid 17] [client 10.5.0.3:45598] AH00128: File does not exist: /var/www/ga/remote/fgt_lang
[Wed Sep 07 06:14:15.407775 2022] [core:info] [pid 19] [client 10.5.0.3:39244] AH00128: File does not exist: /var/www/ga/pred/114040811
[Wed Sep 07 06:41:02.545571 2022] [core:info] [pid 20] [client 10.5.0.3:43596] AH00128: File does not exist: /var/www/ga/cstat/3825/rreg/10/page/8
[Wed Sep 07 06:50:53.784878 2022] [core:info] [pid 16] [client 10.5.0.3:50104] AH00128: File does not exist: /var/www/ga/sitemap.xml
[Wed Sep 07 06:50:53.792820 2022] [core:info] [pid 18] [client 10.5.0.3:50114] AH00128: File does not exist: /var/www/ga/robots.txt
[Wed Sep 07 06:51:04.053086 2022] [core:info] [pid 19] [client 10.5.0.3:55252] AH00128: File does not exist: /var/www/ga/favicon.ico
[Wed Sep 07 06:51:06.320773 2022] [core:info] [pid 20] [client 10.5.0.3:55268] AH00128: File does not exist: /var/www/ga/sitemap.xml
[Wed Sep 07 06:51:09.463402 2022] [core:info] [pid 21] [client 10.5.0.3:55274] AH00128: File does not exist: /var/www/ga/robots.txt
[Wed Sep 07 06:51:25.903492 2022] [core:info] [pid 17] [client 10.5.0.3:34756] AH00128: File does not exist: /var/www/ga/favicon.ico, referer: http://tradesoft.ga:80/favicon.ico
[Wed Sep 07 06:51:29.450192 2022] [core:info] [pid 16] [client 10.5.0.3:34766] AH00128: File does not exist: /var/www/ga/robots.txt, referer: http://tradesoft.ga:80/robots.txt
[Wed Sep 07 06:51:31.447888 2022] [core:info] [pid 18] [client 10.5.0.3:40316] AH00128: File does not exist: /var/www/ga/sitemap.xml, referer: http://tradesoft.ga:80/sitemap.xml
[Wed Sep 07 06:52:15.635659 2022] [core:info] [pid 19] [client 10.5.0.3:60416] AH00128: File does not exist: /var/www/ga/pma/index.php
[Wed Sep 07 06:52:16.149107 2022] [core:info] [pid 20] [client 10.5.0.3:60430] AH00128: File does not exist: /var/www/ga/phpmyadmin/index.php
[Wed Sep 07 06:52:16.598327 2022] [core:info] [pid 21] [client 10.5.0.3:60442] AH00128: File does not exist: /var/www/ga/PhpMyAdmin/index.php
[Wed Sep 07 06:52:17.169916 2022] [core:info] [pid 17] [client 10.5.0.3:60444] AH00128: File does not exist: /var/www/ga/php/thinkphp/aaaffff123.php
[Wed Sep 07 06:52:59.950453 2022] [core:info] [pid 16] [client 10.5.0.3:43776] AH00128: File does not exist: /var/www/ga/favicon.ico
[Wed Sep 07 07:07:49.695901 2022] [core:info] [pid 19] [client 10.5.0.3:34452] AH00128: File does not exist: /var/www/ga/pred/477390702
[Wed Sep 07 07:34:36.835741 2022] [core:info] [pid 20] [client 10.5.0.3:38362] AH00128: File does not exist: /var/www/ga/pred/477954626
[Wed Sep 07 08:01:23.985456 2022] [core:info] [pid 18] [client 10.5.0.3:59768] AH00128: File does not exist: /var/www/ga/cstat/3825/rreg/10/page/5
[Wed Sep 07 08:13:52.528907 2022] [core:info] [pid 19] [client 10.5.0.3:45632] AH00128: File does not exist: /var/www/ga/favicon.ico
[Wed Sep 07 08:25:54.797771 2022] [core:info] [pid 17] [client 10.5.0.3:38860] AH00128: File does not exist: /var/www/ga/favicon.ico
[Wed Sep 07 08:28:11.124525 2022] [core:info] [pid 16] [client 10.5.0.3:37290] AH00128: File does not exist: /var/www/ga/cstat/3825/rreg/10/page/7
[Wed Sep 07 08:47:39.455726 2022] [core:info] [pid 20] [client 10.5.0.3:52496] AH00128: File does not exist: /var/www/ga/favicon.ico
[Wed Sep 07 08:47:40.908941 2022] [core:info] [pid 19] [client 10.5.0.3:33050] AH00128: File does not exist: /var/www/ga/robots.txt
[Wed Sep 07 08:47:41.001745 2022] [core:info] [pid 21] [client 10.5.0.3:33054] AH00128: File does not exist: /var/www/ga/sitemap.xml
[Wed Sep 07 08:48:03.220556 2022] [core:info] [pid 16] [client 10.5.0.3:53720] AH00128: File does not exist: /var/www/ga/robots.txt
[Wed Sep 07 08:48:03.920252 2022] [core:info] [pid 20] [client 10.5.0.3:53734] AH00128: File does not exist: /var/www/ga/sitemap.xml
[Wed Sep 07 08:54:57.530846 2022] [core:info] [pid 19] [client 10.5.0.3:36036] AH00128: File does not exist: /var/www/ga/robots.txt
[Wed Sep 07 08:54:58.269821 2022] [core:info] [pid 21] [client 10.5.0.3:36038] AH00128: File does not exist: /var/www/ga/pred/486172562
[Wed Sep 07 09:48:33.848223 2022] [core:info] [pid 16] [client 10.5.0.3:35452] AH00128: File does not exist: /var/www/ga/pred/20253902
[Wed Sep 07 10:42:06.844768 2022] [core:info] [pid 20] [client 10.5.0.3:47848] AH00128: File does not exist: /var/www/ga/pred/59072688
[Wed Sep 07 11:35:40.850887 2022] [core:info] [pid 19] [client 10.5.0.3:45800] AH00128: File does not exist: /var/www/ga/robots.txt
[Wed Sep 07 11:35:41.389242 2022] [core:info] [pid 21] [client 10.5.0.3:45814] AH00128: File does not exist: /var/www/ga/pred/591433774
[Wed Sep 07 13:52:13.250619 2022] [core:info] [pid 21] [client 10.5.0.3:46270] AH00128: File does not exist: /var/www/ga/favicon.ico
[Wed Sep 07 14:28:48.521888 2022] [core:info] [pid 20] [client 10.5.0.3:45656] AH00128: File does not exist: /var/www/ga/favicon.ico
[Wed Sep 07 15:24:51.580141 2022] [core:info] [pid 21] [client 10.5.0.3:43104] AH00128: File does not exist: /var/www/ga/.env
[Wed Sep 07 16:32:06.734139 2022] [core:info] [pid 18] [client 10.5.0.3:43032] AH00128: File does not exist: /var/www/ga/Electron/download/windows/\\Windows\\win.ini
[Wed Sep 07 17:02:38.137434 2022] [php7:error] [pid 19] [client 10.5.0.3:59998] script '/var/www/ga/wp-login.php' not found or unable to stat, referer: http://l7e64950.justinstalledpanel.com/wp-login.php
[Wed Sep 07 17:15:07.316186 2022] [core:info] [pid 17] [client 10.5.0.3:54592] AH00128: File does not exist: /var/www/ml/robots.txt
[Wed Sep 07 17:15:07.907378 2022] [core:info] [pid 16] [client 10.5.0.3:54612] AH00128: File does not exist: /var/www/ml/robots.txt
[Wed Sep 07 17:33:46.517874 2022] [core:info] [pid 19] [client 10.5.0.3:34008] AH00128: File does not exist: /var/www/ga/Electron/download/windows/\\Windows\\win.ini
[Wed Sep 07 18:12:45.325578 2022] [core:info] [pid 21] [client 10.5.0.3:34508] AH00128: File does not exist: /var/www/ga/remote/fgt_lang
[Wed Sep 07 18:24:14.466300 2022] [core:info] [pid 17] [client 10.5.0.3:36152] AH00128: File does not exist: /var/www/ga/pred/129893328
[Wed Sep 07 18:51:01.696615 2022] [core:info] [pid 20] [client 10.5.0.3:52728] AH00128: File does not exist: /var/www/ga/pred/9772229
[Wed Sep 07 19:17:48.751020 2022] [core:info] [pid 19] [client 10.5.0.3:35114] AH00128: File does not exist: /var/www/ga/pred/461190501
[Wed Sep 07 19:44:35.890060 2022] [core:info] [pid 17] [client 10.5.0.3:51070] AH00128: File does not exist: /var/www/ga/pred/9406491
[Wed Sep 07 19:59:02.509656 2022] [core:info] [pid 20] [client 10.5.0.3:41722] AH00128: File does not exist: /var/www/ga/robots.txt
[Wed Sep 07 19:59:02.737191 2022] [core:info] [pid 21] [client 10.5.0.3:41740] AH00128: File does not exist: /var/www/ga/sitemap.xml
[Wed Sep 07 20:16:26.849589 2022] [core:info] [pid 16] [client 10.5.0.3:60148] AH00128: File does not exist: /var/www/ga/HNAP1/, referer: https://62.109.18.140/
[Wed Sep 07 20:16:27.014629 2022] [core:info] [pid 20] [client 10.5.0.3:60158] AH00128: File does not exist: /var/www/ga/HNAP1/, referer: https://62.109.18.140/
[Wed Sep 07 20:24:44.999155 2022] [core:info] [pid 17] [client 10.5.0.3:49126] AH00128: File does not exist: /var/www/ga/robots.txt
[Wed Sep 07 20:24:45.390449 2022] [core:info] [pid 16] [client 10.5.0.3:49138] AH00128: File does not exist: /var/www/ga/robots.txt
[Wed Sep 07 20:36:03.089480 2022] [core:info] [pid 21] [client 10.5.0.3:44398] AH00128: File does not exist: /var/www/ga/robots.txt
[Wed Sep 07 20:36:04.236183 2022] [core:info] [pid 17] [client 10.5.0.3:44408] AH00128: File does not exist: /var/www/ga/sitemap.xml
[Wed Sep 07 20:36:04.982509 2022] [core:info] [pid 18] [client 10.5.0.3:44420] AH00128: File does not exist: /var/www/ga/.well-known/security.txt
[Wed Sep 07 20:47:06.916308 2022] [core:info] [pid 20] [client 10.5.0.3:35084] AH00128: File does not exist: /var/www/ga/pred/501157705
[Wed Sep 07 21:40:31.933554 2022] [core:info] [pid 20] [client 10.5.0.3:38438] AH00128: File does not exist: /var/www/ga/actuator/gateway/routes, referer: http://62.109.18.140:80/actuator/gateway/routes
[Wed Sep 07 22:27:52.676744 2022] [core:info] [pid 20] [client 10.5.0.3:58354] AH00128: File does not exist: /var/www/ga/ads.txt, referer: http://tradesoft.ga/ads.txt
[Wed Sep 07 22:29:23.773115 2022] [core:info] [pid 21] [client 10.5.0.3:50782] AH00128: File does not exist: /var/www/ml/ads.txt, referer: http://tradesoft.ml/ads.txt
[Wed Sep 07 22:47:07.014612 2022] [core:info] [pid 17] [client 10.5.0.3:37970] AH00128: File does not exist: /var/www/ga/robots.txt
[Wed Sep 07 22:47:07.185272 2022] [core:info] [pid 18] [client 10.5.0.3:37976] AH00128: File does not exist: /var/www/ga/pred/501035917
[Wed Sep 07 23:32:07.557787 2022] [core:info] [pid 20] [client 10.5.0.3:52116] AH00128: File does not exist: /var/www/ga/pred/491966502
[Thu Sep 08 00:08:27.026297 2022] [php7:error] [pid 21] [client 10.5.0.3:35710] script '/var/www/ga/wp-login.php' not found or unable to stat, referer: http://l096add5.justinstalledpanel.com/wp-login.php
[Thu Sep 08 00:17:06.954366 2022] [core:info] [pid 18] [client 10.5.0.3:42910] AH00128: File does not exist: /var/www/ga/robots.txt
[Thu Sep 08 00:17:08.127436 2022] [core:info] [pid 16] [client 10.5.0.3:42918] AH00128: File does not exist: /var/www/ga/pred/524353882
[Thu Sep 08 00:47:11.882150 2022] [core:info] [pid 20] [client 10.5.0.3:57762] AH00128: File does not exist: /var/www/ga/pred/465384333
[Thu Sep 08 01:23:01.603077 2022] [core:info] [pid 19] [client 10.5.0.3:51632] AH00128: File does not exist: /var/www/ga/dqgqoeCXckuwPtxov
[Thu Sep 08 01:23:02.723853 2022] [core:info] [pid 21] [client 10.5.0.3:51648] AH00128: File does not exist: /var/www/ga/dqgqoeCXckuwPtxov
[Thu Sep 08 01:34:57.549516 2022] [core:info] [pid 17] [client 10.5.0.3:34544] AH00128: File does not exist: /var/www/ga/pred/501385165
[Thu Sep 08 02:07:50.641821 2022] [core:info] [pid 19] [client 10.5.0.3:54204] AH00128: File does not exist: /var/www/ga/dqgqoeCXckuwPtxov
[Thu Sep 08 02:07:51.774269 2022] [core:info] [pid 21] [client 10.5.0.3:54208] AH00128: File does not exist: /var/www/ga/dqgqoeCXckuwPtxov
[Thu Sep 08 03:09:45.701133 2022] [core:info] [pid 16] [client 10.5.0.3:35566] AH00128: File does not exist: /var/www/ga/favicon.ico, referer: http://tradesoft.ga/favicon.ico
[Thu Sep 08 03:09:57.255854 2022] [core:info] [pid 19] [client 10.5.0.3:46562] AH00128: File does not exist: /var/www/ml/favicon.ico, referer: http://tradesoft.ml/favicon.ico
[Thu Sep 08 03:10:04.686996 2022] [core:info] [pid 17] [client 10.5.0.3:43102] AH00128: File does not exist: /var/www/ga/favicon.ico, referer: http://62.109.18.140/favicon.ico
[Thu Sep 08 04:35:32.404320 2022] [core:info] [pid 18] [client 10.5.0.3:58764] AH00128: File does not exist: /var/www/ga/actuator/gateway/routes
[Thu Sep 08 04:46:12.649753 2022] [core:info] [pid 20] [client 10.5.0.3:56030] AH00128: File does not exist: /var/www/ga/favicon.ico
[Thu Sep 08 04:46:14.765018 2022] [core:info] [pid 21] [client 10.5.0.3:56056] AH00128: File does not exist: /var/www/ga/favicon.ico
[Thu Sep 08 04:46:19.220831 2022] [core:info] [pid 18] [client 10.5.0.3:56072] AH00128: File does not exist: /var/www/ga/favicon.ico
[Thu Sep 08 04:46:20.292419 2022] [core:info] [pid 20] [client 10.5.0.3:46388] AH00128: File does not exist: /var/www/ml/favicon.ico
[Thu Sep 08 04:47:14.759451 2022] [core:info] [pid 19] [client 10.5.0.3:60874] AH00128: File does not exist: /var/www/ga/pred/467211255
[Thu Sep 08 05:45:21.671005 2022] [core:info] [pid 21] [client 10.5.0.3:38934] AH00128: File does not exist: /var/www/ga/cgi-bin/luci
[Thu Sep 08 05:59:36.359989 2022] [core:info] [pid 19] [client 10.5.0.3:54226] AH00128: File does not exist: /var/www/ga/favicon.ico, referer: http://62.109.18.140/favicon.ico
[Thu Sep 08 05:59:37.452472 2022] [core:info] [pid 21] [client 10.5.0.3:54238] AH00128: File does not exist: /var/www/ga/favicon.ico, referer: http://tradesoft.ga/favicon.ico
[Thu Sep 08 06:00:18.473416 2022] [core:info] [pid 16] [client 10.5.0.3:56986] AH00128: File does not exist: /var/www/ml/favicon.ico, referer: http://tradesoft.ml/favicon.ico
[Thu Sep 08 06:38:30.388134 2022] [core:info] [pid 21] [client 10.5.0.3:47844] AH00128: File does not exist: /var/www/ga/favicon.ico
[Thu Sep 08 06:38:30.428127 2022] [core:info] [pid 17] [client 10.5.0.3:47860] AH00128: File does not exist: /var/www/ga/favicon.ico
[Thu Sep 08 06:38:36.063596 2022] [core:info] [pid 16] [client 10.5.0.3:47878] AH00128: File does not exist: /var/www/ga/favicon.ico
[Thu Sep 08 06:38:47.314600 2022] [core:info] [pid 19] [client 10.5.0.3:35174] AH00128: File does not exist: /var/www/ml/favicon.ico
[Thu Sep 08 07:12:02.114937 2022] [core:info] [pid 21] [client 10.5.0.3:37320] AH00128: File does not exist: /var/www/ga/remote/fgt_lang
[Thu Sep 08 08:47:19.154909 2022] [core:info] [pid 17] [client 10.5.0.3:52024] AH00128: File does not exist: /var/www/ga/pred/456674009
[Thu Sep 08 09:08:43.314761 2022] [core:info] [pid 16] [client 10.5.0.3:56528] AH00128: File does not exist: /var/www/ga/webfig/
[Thu Sep 08 09:38:40.762316 2022] [core:info] [pid 19] [client 10.5.0.3:54908] AH00128: File does not exist: /var/www/ga/webfig/
[Thu Sep 08 13:05:12.523295 2022] [core:info] [pid 20] [client 10.5.0.3:52024] AH00128: File does not exist: /var/www/ga/robots.txt
[Thu Sep 08 13:05:14.093408 2022] [core:info] [pid 19] [client 10.5.0.3:52034] AH00128: File does not exist: /var/www/ga/pred/500386789
[Thu Sep 08 13:44:18.614810 2022] [core:info] [pid 17] [client 10.5.0.3:47066] AH00128: File does not exist: /var/www/ga/favicon.ico
[Thu Sep 08 13:58:47.476685 2022] [core:info] [pid 18] [client 10.5.0.3:48872] AH00128: File does not exist: /var/www/ga/pred/455400709
[Thu Sep 08 14:52:21.747926 2022] [core:info] [pid 16] [client 10.5.0.3:47534] AH00128: File does not exist: /var/www/ga/pred/444644911
[Thu Sep 08 15:45:56.106773 2022] [core:info] [pid 20] [client 10.5.0.3:49808] AH00128: File does not exist: /var/www/ga/pred/513098250
[Thu Sep 08 16:39:30.322981 2022] [core:info] [pid 21] [client 10.5.0.3:40846] AH00128: File does not exist: /var/www/ga/pred/7126995
[Thu Sep 08 17:33:04.681746 2022] [core:info] [pid 17] [client 10.5.0.3:41786] AH00128: File does not exist: /var/www/ga/pred/541180873
[Thu Sep 08 17:41:55.752583 2022] [core:info] [pid 16] [client 10.5.0.3:34650] AH00128: File does not exist: /var/www/ga/HNAP1/, referer: https://62.109.18.140/
[Thu Sep 08 17:55:18.292493 2022] [php7:error] [pid 20] [client 10.5.0.3:40468] script '/var/www/ga/wp-login.php' not found or unable to stat, referer: http://l7e64950.justinstalledpanel.com/wp-login.php
[Thu Sep 08 18:14:38.542471 2022] [core:info] [pid 1] AH00096: removed PID file /var/run/apache2/apache2.pid (pid=1)
[Thu Sep 08 18:14:38.542533 2022] [mpm_prefork:notice] [pid 1] AH00170: caught SIGWINCH, shutting down gracefully
AH00558: apache2: Could not reliably determine the server's fully qualified domain name, using 10.5.0.4. Set the 'ServerName' directive globally to suppress this message
[Thu Sep 08 18:17:07.252073 2022] [mpm_prefork:notice] [pid 1] AH00163: Apache/2.4.38 (Debian) PHP/7.2.34 configured -- resuming normal operations
[Thu Sep 08 18:17:07.252126 2022] [mpm_prefork:info] [pid 1] AH00164: Server built: 2020-08-25T20:08:29
[Thu Sep 08 18:17:07.252137 2022] [core:notice] [pid 1] AH00094: Command line: 'apache2 -D FOREGROUND'
[Thu Sep 08 18:30:14.807196 2022] [core:info] [pid 17] [client 10.5.0.3:47336] AH00128: File does not exist: /var/www/ga/favicon.ico
[Thu Sep 08 18:35:07.044013 2022] [core:info] [pid 1] AH00096: removed PID file /var/run/apache2/apache2.pid (pid=1)
[Thu Sep 08 18:35:07.044048 2022] [mpm_prefork:notice] [pid 1] AH00170: caught SIGWINCH, shutting down gracefully
AH00558: apache2: Could not reliably determine the server's fully qualified domain name, using 10.5.0.4. Set the 'ServerName' directive globally to suppress this message
[Thu Sep 08 18:35:14.542493 2022] [mpm_prefork:notice] [pid 1] AH00163: Apache/2.4.38 (Debian) PHP/7.2.34 configured -- resuming normal operations
[Thu Sep 08 18:35:14.542570 2022] [mpm_prefork:info] [pid 1] AH00164: Server built: 2020-08-25T20:08:29
[Thu Sep 08 18:35:14.542579 2022] [core:notice] [pid 1] AH00094: Command line: 'apache2 -D FOREGROUND'
[Thu Sep 08 18:42:01.115559 2022] [core:info] [pid 17] [client 10.5.0.3:52610] AH00128: File does not exist: /var/www/ga/favicon.ico
[Thu Sep 08 18:47:59.891894 2022] [core:info] [pid 16] [client 10.5.0.3:40682] AH00128: File does not exist: /var/www/ga/robots.txt
[Thu Sep 08 18:48:00.655520 2022] [core:info] [pid 19] [client 10.5.0.3:35406] AH00128: File does not exist: /var/www/ga/sitemap.xml
[Thu Sep 08 18:48:01.242901 2022] [core:info] [pid 18] [client 10.5.0.3:35414] AH00128: File does not exist: /var/www/ga/.well-known/security.txt
[Thu Sep 08 19:03:04.608490 2022] [core:info] [pid 20] [client 10.5.0.3:42254] AH00128: File does not exist: /var/www/ga/pred/540570845
[Thu Sep 08 19:10:37.079820 2022] [core:info] [pid 1] AH00096: removed PID file /var/run/apache2/apache2.pid (pid=1)
[Thu Sep 08 19:10:37.079853 2022] [mpm_prefork:notice] [pid 1] AH00170: caught SIGWINCH, shutting down gracefully
AH00558: apache2: Could not reliably determine the server's fully qualified domain name, using 10.5.0.4. Set the 'ServerName' directive globally to suppress this message
[Thu Sep 08 19:10:45.419830 2022] [mpm_prefork:notice] [pid 1] AH00163: Apache/2.4.38 (Debian) PHP/7.2.34 configured -- resuming normal operations
[Thu Sep 08 19:10:45.419882 2022] [mpm_prefork:info] [pid 1] AH00164: Server built: 2020-08-25T20:08:29
[Thu Sep 08 19:10:45.419892 2022] [core:notice] [pid 1] AH00094: Command line: 'apache2 -D FOREGROUND'
[Thu Sep 08 19:14:32.904735 2022] [core:info] [pid 1] AH00096: removed PID file /var/run/apache2/apache2.pid (pid=1)
[Thu Sep 08 19:14:32.904766 2022] [mpm_prefork:notice] [pid 1] AH00170: caught SIGWINCH, shutting down gracefully
AH00558: apache2: Could not reliably determine the server's fully qualified domain name, using 10.5.0.4. Set the 'ServerName' directive globally to suppress this message
[Thu Sep 08 19:14:39.625892 2022] [mpm_prefork:notice] [pid 1] AH00163: Apache/2.4.38 (Debian) PHP/7.2.34 configured -- resuming normal operations
[Thu Sep 08 19:14:39.625945 2022] [mpm_prefork:info] [pid 1] AH00164: Server built: 2020-08-25T20:08:29
[Thu Sep 08 19:14:39.625954 2022] [core:notice] [pid 1] AH00094: Command line: 'apache2 -D FOREGROUND'
[Thu Sep 08 19:17:00.123574 2022] [core:info] [pid 1] AH00096: removed PID file /var/run/apache2/apache2.pid (pid=1)
[Thu Sep 08 19:17:00.123619 2022] [mpm_prefork:notice] [pid 1] AH00170: caught SIGWINCH, shutting down gracefully
AH00558: apache2: Could not reliably determine the server's fully qualified domain name, using 10.5.0.4. Set the 'ServerName' directive globally to suppress this message
[Thu Sep 08 19:17:06.225665 2022] [mpm_prefork:notice] [pid 1] AH00163: Apache/2.4.38 (Debian) PHP/7.2.34 configured -- resuming normal operations
[Thu Sep 08 19:17:06.225729 2022] [mpm_prefork:info] [pid 1] AH00164: Server built: 2020-08-25T20:08:29
[Thu Sep 08 19:17:06.225739 2022] [core:notice] [pid 1] AH00094: Command line: 'apache2 -D FOREGROUND'
[Thu Sep 08 19:20:24.067147 2022] [core:info] [pid 1] AH00096: removed PID file /var/run/apache2/apache2.pid (pid=1)
[Thu Sep 08 19:20:24.067188 2022] [mpm_prefork:notice] [pid 1] AH00170: caught SIGWINCH, shutting down gracefully
AH00558: apache2: Could not reliably determine the server's fully qualified domain name, using 10.5.0.4. Set the 'ServerName' directive globally to suppress this message
[Thu Sep 08 19:20:31.472168 2022] [mpm_prefork:notice] [pid 1] AH00163: Apache/2.4.38 (Debian) PHP/7.2.34 configured -- resuming normal operations
[Thu Sep 08 19:20:31.472238 2022] [mpm_prefork:info] [pid 1] AH00164: Server built: 2020-08-25T20:08:29
[Thu Sep 08 19:20:31.472247 2022] [core:notice] [pid 1] AH00094: Command line: 'apache2 -D FOREGROUND'
[Thu Sep 08 19:21:44.878803 2022] [core:info] [pid 1] AH00096: removed PID file /var/run/apache2/apache2.pid (pid=1)
[Thu Sep 08 19:21:44.878846 2022] [mpm_prefork:notice] [pid 1] AH00170: caught SIGWINCH, shutting down gracefully
AH00558: apache2: Could not reliably determine the server's fully qualified domain name, using 10.5.0.4. Set the 'ServerName' directive globally to suppress this message
[Thu Sep 08 19:21:50.825532 2022] [mpm_prefork:notice] [pid 1] AH00163: Apache/2.4.38 (Debian) PHP/7.2.34 configured -- resuming normal operations
[Thu Sep 08 19:21:50.825592 2022] [mpm_prefork:info] [pid 1] AH00164: Server built: 2020-08-25T20:08:29
[Thu Sep 08 19:21:50.825600 2022] [core:notice] [pid 1] AH00094: Command line: 'apache2 -D FOREGROUND'
[Thu Sep 08 19:24:37.826663 2022] [core:info] [pid 1] AH00096: removed PID file /var/run/apache2/apache2.pid (pid=1)
[Thu Sep 08 19:24:37.826693 2022] [mpm_prefork:notice] [pid 1] AH00170: caught SIGWINCH, shutting down gracefully
AH00558: apache2: Could not reliably determine the server's fully qualified domain name, using 10.5.0.4. Set the 'ServerName' directive globally to suppress this message
[Thu Sep 08 19:24:45.062628 2022] [mpm_prefork:notice] [pid 1] AH00163: Apache/2.4.38 (Debian) PHP/7.2.34 configured -- resuming normal operations
[Thu Sep 08 19:24:45.062696 2022] [mpm_prefork:info] [pid 1] AH00164: Server built: 2020-08-25T20:08:29
[Thu Sep 08 19:24:45.062706 2022] [core:notice] [pid 1] AH00094: Command line: 'apache2 -D FOREGROUND'
[Thu Sep 08 19:27:17.399632 2022] [core:info] [pid 1] AH00096: removed PID file /var/run/apache2/apache2.pid (pid=1)
[Thu Sep 08 19:27:17.400092 2022] [mpm_prefork:notice] [pid 1] AH00170: caught SIGWINCH, shutting down gracefully
AH00558: apache2: Could not reliably determine the server's fully qualified domain name, using 10.5.0.4. Set the 'ServerName' directive globally to suppress this message
[Thu Sep 08 19:27:24.045205 2022] [mpm_prefork:notice] [pid 1] AH00163: Apache/2.4.38 (Debian) PHP/7.2.34 configured -- resuming normal operations
[Thu Sep 08 19:27:24.045259 2022] [mpm_prefork:info] [pid 1] AH00164: Server built: 2020-08-25T20:08:29
[Thu Sep 08 19:27:24.045268 2022] [core:notice] [pid 1] AH00094: Command line: 'apache2 -D FOREGROUND'
[Thu Sep 08 19:31:03.241294 2022] [core:info] [pid 1] AH00096: removed PID file /var/run/apache2/apache2.pid (pid=1)
[Thu Sep 08 19:31:03.241326 2022] [mpm_prefork:notice] [pid 1] AH00170: caught SIGWINCH, shutting down gracefully
AH00558: apache2: Could not reliably determine the server's fully qualified domain name, using 10.5.0.4. Set the 'ServerName' directive globally to suppress this message
[Thu Sep 08 19:32:12.194545 2022] [mpm_prefork:notice] [pid 1] AH00163: Apache/2.4.38 (Debian) PHP/7.2.34 configured -- resuming normal operations
[Thu Sep 08 19:32:12.194602 2022] [mpm_prefork:info] [pid 1] AH00164: Server built: 2020-08-25T20:08:29
[Thu Sep 08 19:32:12.194614 2022] [core:notice] [pid 1] AH00094: Command line: 'apache2 -D FOREGROUND'
[Thu Sep 08 19:56:38.887557 2022] [core:info] [pid 20] [client 10.5.0.3:44108] AH00128: File does not exist: /var/www/ga/pred/506474472
[Thu Sep 08 20:29:02.315303 2022] [core:info] [pid 17] [client 10.5.0.3:38604] AH00128: File does not exist: /var/www/ga/.env
[Thu Sep 08 20:29:13.186546 2022] [core:info] [pid 18] [client 10.5.0.3:48550] AH00128: File does not exist: /var/www/ga/.env.example
[Thu Sep 08 20:50:13.173704 2022] [core:info] [pid 19] [client 10.5.0.3:59518] AH00128: File does not exist: /var/www/ga/pred/4798777
[Thu Sep 08 21:03:09.749864 2022] [php7:error] [pid 20] [client 10.5.0.3:57338] script '/var/www/ga/system_api.php' not found or unable to stat
[Thu Sep 08 21:03:10.202853 2022] [php7:error] [pid 16] [client 10.5.0.3:57908] script '/var/www/ga/system_api.php' not found or unable to stat
[Thu Sep 08 21:03:10.492384 2022] [core:info] [pid 17] [client 10.5.0.3:57914] AH00128: File does not exist: /var/www/ga/c/version.js
[Thu Sep 08 21:03:10.962285 2022] [core:info] [pid 18] [client 10.5.0.3:57928] AH00128: File does not exist: /var/www/ga/c/version.js
[Thu Sep 08 21:03:11.258003 2022] [core:info] [pid 19] [client 10.5.0.3:57942] AH00128: File does not exist: /var/www/ga/streaming/clients_live.php
[Thu Sep 08 21:03:11.677887 2022] [core:info] [pid 20] [client 10.5.0.3:57954] AH00128: File does not exist: /var/www/ga/streaming/clients_live.php
[Thu Sep 08 21:03:11.925894 2022] [core:info] [pid 16] [client 10.5.0.3:57960] AH00128: File does not exist: /var/www/ga/stalker_portal/c/version.js
[Thu Sep 08 21:03:12.363349 2022] [core:info] [pid 17] [client 10.5.0.3:57972] AH00128: File does not exist: /var/www/ga/stalker_portal/c/version.js
[Thu Sep 08 21:03:12.632671 2022] [core:info] [pid 18] [client 10.5.0.3:57980] AH00128: File does not exist: /var/www/ga/stream/live.php
[Thu Sep 08 21:03:13.060884 2022] [core:info] [pid 19] [client 10.5.0.3:57996] AH00128: File does not exist: /var/www/ga/stream/live.php
[Thu Sep 08 21:03:13.309813 2022] [core:info] [pid 20] [client 10.5.0.3:58000] AH00128: File does not exist: /var/www/ga/flu/403.html
[Thu Sep 08 21:03:13.739156 2022] [core:info] [pid 16] [client 10.5.0.3:58012] AH00128: File does not exist: /var/www/ga/flu/403.html
[Thu Sep 08 21:43:47.460126 2022] [core:info] [pid 17] [client 10.5.0.3:48618] AH00128: File does not exist: /var/www/ga/pred/20297405
[Thu Sep 08 22:37:21.751331 2022] [core:info] [pid 16] [client 10.5.0.3:54938] AH00128: File does not exist: /var/www/ga/pred/8426288
[Thu Sep 08 23:30:56.028587 2022] [core:info] [pid 19] [client 10.5.0.3:35454] AH00128: File does not exist: /var/www/ga/pred/97797974
[Thu Sep 08 23:54:24.164264 2022] [core:info] [pid 16] [client 10.5.0.3:50482] AH00128: File does not exist: /var/www/ga/remote/fgt_lang
[Fri Sep 09 00:08:48.536063 2022] [core:info] [pid 18] [client 10.5.0.3:39734] AH00128: File does not exist: /var/www/ga/HNAP1/, referer: http://62.109.18.140/
[Fri Sep 09 00:24:30.305969 2022] [core:info] [pid 19] [client 10.5.0.3:55228] AH00128: File does not exist: /var/www/ga/pred/23010996
[Fri Sep 09 00:41:52.643617 2022] [php7:error] [pid 20] [client 10.5.0.3:58446] script '/var/www/ga/wp-login.php' not found or unable to stat, referer: http://l096add5.justinstalledpanel.com/wp-login.php
[Fri Sep 09 01:18:03.929232 2022] [core:info] [pid 16] [client 10.5.0.3:47518] AH00128: File does not exist: /var/www/ga/robots.txt
[Fri Sep 09 01:18:05.502901 2022] [core:info] [pid 17] [client 10.5.0.3:47534] AH00128: File does not exist: /var/www/ga/pred/448765609
[Fri Sep 09 02:11:38.876664 2022] [core:info] [pid 18] [client 10.5.0.3:59272] AH00128: File does not exist: /var/www/ga/pred/479787039
[Fri Sep 09 03:26:53.629510 2022] [core:info] [pid 1] AH00096: removed PID file /var/run/apache2/apache2.pid (pid=1)
[Fri Sep 09 03:26:53.629554 2022] [mpm_prefork:notice] [pid 1] AH00170: caught SIGWINCH, shutting down gracefully
AH00558: apache2: Could not reliably determine the server's fully qualified domain name, using 10.5.0.4. Set the 'ServerName' directive globally to suppress this message
[Fri Sep 09 03:27:02.665937 2022] [mpm_prefork:notice] [pid 1] AH00163: Apache/2.4.38 (Debian) PHP/7.2.34 configured -- resuming normal operations
[Fri Sep 09 03:27:02.665994 2022] [mpm_prefork:info] [pid 1] AH00164: Server built: 2020-08-25T20:08:29
[Fri Sep 09 03:27:02.666007 2022] [core:notice] [pid 1] AH00094: Command line: 'apache2 -D FOREGROUND'
[Fri Sep 09 03:41:38.871085 2022] [core:info] [pid 20] [client 10.5.0.3:54048] AH00128: File does not exist: /var/www/ga/pred/49115346
[Fri Sep 09 04:06:49.140794 2022] [core:info] [pid 16] [client 10.5.0.3:52186] AH00128: File does not exist: /var/www/ml/dfs
[Fri Sep 09 04:06:49.285697 2022] [core:info] [pid 20] [client 10.5.0.3:52188] AH00128: File does not exist: /var/www/ml/favicon.ico, referer: https://tradesoft.ml/dfs
[Fri Sep 09 04:45:24.967179 2022] [core:info] [pid 20] [client 10.5.0.3:54610] AH00128: File does not exist: /var/www/ga/favicon.ico
[Fri Sep 09 05:03:48.885163 2022] [core:info] [pid 1] AH00096: removed PID file /var/run/apache2/apache2.pid (pid=1)
[Fri Sep 09 05:03:48.885188 2022] [mpm_prefork:notice] [pid 1] AH00170: caught SIGWINCH, shutting down gracefully
AH00558: apache2: Could not reliably determine the server's fully qualified domain name, using 10.5.0.4. Set the 'ServerName' directive globally to suppress this message
[Fri Sep 09 05:03:56.266746 2022] [mpm_prefork:notice] [pid 1] AH00163: Apache/2.4.38 (Debian) PHP/7.2.34 configured -- resuming normal operations
[Fri Sep 09 05:03:56.266809 2022] [mpm_prefork:info] [pid 1] AH00164: Server built: 2020-08-25T20:08:29
[Fri Sep 09 05:03:56.266817 2022] [core:notice] [pid 1] AH00094: Command line: 'apache2 -D FOREGROUND'
[Fri Sep 09 05:04:01.349607 2022] [core:info] [pid 1] AH00096: removed PID file /var/run/apache2/apache2.pid (pid=1)
[Fri Sep 09 05:04:01.349640 2022] [mpm_prefork:notice] [pid 1] AH00170: caught SIGWINCH, shutting down gracefully
AH00558: apache2: Could not reliably determine the server's fully qualified domain name, using 10.5.0.4. Set the 'ServerName' directive globally to suppress this message
[Fri Sep 09 05:16:50.914088 2022] [mpm_prefork:notice] [pid 1] AH00163: Apache/2.4.38 (Debian) PHP/7.2.34 configured -- resuming normal operations
[Fri Sep 09 05:16:50.914141 2022] [mpm_prefork:info] [pid 1] AH00164: Server built: 2020-08-25T20:08:29
[Fri Sep 09 05:16:50.914150 2022] [core:notice] [pid 1] AH00094: Command line: 'apache2 -D FOREGROUND'
[Fri Sep 09 05:34:07.222626 2022] [core:info] [pid 1] AH00096: removed PID file /var/run/apache2/apache2.pid (pid=1)
[Fri Sep 09 05:34:07.222661 2022] [mpm_prefork:notice] [pid 1] AH00170: caught SIGWINCH, shutting down gracefully
AH00558: apache2: Could not reliably determine the server's fully qualified domain name, using 10.5.0.4. Set the 'ServerName' directive globally to suppress this message
[Fri Sep 09 05:36:27.900127 2022] [mpm_prefork:notice] [pid 1] AH00163: Apache/2.4.38 (Debian) PHP/7.2.34 configured -- resuming normal operations
[Fri Sep 09 05:36:27.900202 2022] [mpm_prefork:info] [pid 1] AH00164: Server built: 2020-08-25T20:08:29
[Fri Sep 09 05:36:27.900212 2022] [core:notice] [pid 1] AH00094: Command line: 'apache2 -D FOREGROUND'
[Fri Sep 09 05:40:47.304995 2022] [core:info] [pid 1] AH00096: removed PID file /var/run/apache2/apache2.pid (pid=1)
[Fri Sep 09 05:40:47.305119 2022] [mpm_prefork:notice] [pid 1] AH00170: caught SIGWINCH, shutting down gracefully
AH00558: apache2: Could not reliably determine the server's fully qualified domain name, using 10.5.0.4. Set the 'ServerName' directive globally to suppress this message
[Fri Sep 09 05:41:07.674386 2022] [mpm_prefork:notice] [pid 1] AH00163: Apache/2.4.38 (Debian) PHP/7.2.34 configured -- resuming normal operations
[Fri Sep 09 05:41:07.674466 2022] [mpm_prefork:info] [pid 1] AH00164: Server built: 2020-08-25T20:08:29
[Fri Sep 09 05:41:07.674480 2022] [core:notice] [pid 1] AH00094: Command line: 'apache2 -D FOREGROUND'
[Fri Sep 09 05:43:15.037366 2022] [core:info] [pid 1] AH00096: removed PID file /var/run/apache2/apache2.pid (pid=1)
[Fri Sep 09 05:43:15.037401 2022] [mpm_prefork:notice] [pid 1] AH00170: caught SIGWINCH, shutting down gracefully
AH00558: apache2: Could not reliably determine the server's fully qualified domain name, using 10.5.0.4. Set the 'ServerName' directive globally to suppress this message
[Fri Sep 09 05:43:47.753209 2022] [mpm_prefork:notice] [pid 1] AH00163: Apache/2.4.38 (Debian) PHP/7.2.34 configured -- resuming normal operations
[Fri Sep 09 05:43:47.753498 2022] [mpm_prefork:info] [pid 1] AH00164: Server built: 2020-08-25T20:08:29
[Fri Sep 09 05:43:47.753507 2022] [core:notice] [pid 1] AH00094: Command line: 'apache2 -D FOREGROUND'
[Fri Sep 09 05:46:03.903160 2022] [core:info] [pid 1] AH00096: removed PID file /var/run/apache2/apache2.pid (pid=1)
[Fri Sep 09 05:46:03.903187 2022] [mpm_prefork:notice] [pid 1] AH00170: caught SIGWINCH, shutting down gracefully
AH00558: apache2: Could not reliably determine the server's fully qualified domain name, using 10.5.0.4. Set the 'ServerName' directive globally to suppress this message
[Fri Sep 09 05:48:25.863385 2022] [mpm_prefork:notice] [pid 1] AH00163: Apache/2.4.38 (Debian) PHP/7.2.34 configured -- resuming normal operations
[Fri Sep 09 05:48:25.863446 2022] [mpm_prefork:info] [pid 1] AH00164: Server built: 2020-08-25T20:08:29
[Fri Sep 09 05:48:25.863456 2022] [core:notice] [pid 1] AH00094: Command line: 'apache2 -D FOREGROUND'
[Fri Sep 09 05:53:31.451489 2022] [core:info] [pid 1] AH00096: removed PID file /var/run/apache2/apache2.pid (pid=1)
[Fri Sep 09 05:53:31.451774 2022] [mpm_prefork:notice] [pid 1] AH00170: caught SIGWINCH, shutting down gracefully
AH00558: apache2: Could not reliably determine the server's fully qualified domain name, using 10.5.0.4. Set the 'ServerName' directive globally to suppress this message
[Fri Sep 09 05:54:11.442886 2022] [mpm_prefork:notice] [pid 1] AH00163: Apache/2.4.38 (Debian) PHP/7.2.34 configured -- resuming normal operations
[Fri Sep 09 05:54:11.442928 2022] [mpm_prefork:info] [pid 1] AH00164: Server built: 2020-08-25T20:08:29
[Fri Sep 09 05:54:11.442936 2022] [core:notice] [pid 1] AH00094: Command line: 'apache2 -D FOREGROUND'
[Fri Sep 09 06:06:41.527625 2022] [core:info] [pid 1] AH00096: removed PID file /var/run/apache2/apache2.pid (pid=1)
[Fri Sep 09 06:06:41.527662 2022] [mpm_prefork:notice] [pid 1] AH00170: caught SIGWINCH, shutting down gracefully
AH00558: apache2: Could not reliably determine the server's fully qualified domain name, using 10.5.0.4. Set the 'ServerName' directive globally to suppress this message
[Fri Sep 09 06:10:33.418198 2022] [mpm_prefork:notice] [pid 1] AH00163: Apache/2.4.38 (Debian) PHP/7.2.34 configured -- resuming normal operations
[Fri Sep 09 06:10:33.418256 2022] [mpm_prefork:info] [pid 1] AH00164: Server built: 2020-08-25T20:08:29
[Fri Sep 09 06:10:33.418265 2022] [core:notice] [pid 1] AH00094: Command line: 'apache2 -D FOREGROUND'
[Fri Sep 09 06:10:46.257636 2022] [core:info] [pid 1] AH00096: removed PID file /var/run/apache2/apache2.pid (pid=1)
[Fri Sep 09 06:10:46.257666 2022] [mpm_prefork:notice] [pid 1] AH00170: caught SIGWINCH, shutting down gracefully
AH00558: apache2: Could not reliably determine the server's fully qualified domain name, using 10.5.0.4. Set the 'ServerName' directive globally to suppress this message
[Fri Sep 09 06:10:51.133312 2022] [mpm_prefork:notice] [pid 1] AH00163: Apache/2.4.38 (Debian) PHP/7.2.34 configured -- resuming normal operations
[Fri Sep 09 06:10:51.133357 2022] [mpm_prefork:info] [pid 1] AH00164: Server built: 2020-08-25T20:08:29
[Fri Sep 09 06:10:51.133369 2022] [core:notice] [pid 1] AH00094: Command line: 'apache2 -D FOREGROUND'
[Fri Sep 09 06:13:15.745740 2022] [core:info] [pid 18] [client 10.5.0.3:59884] AH00128: File does not exist: /var/www/ga/robots.txt
[Fri Sep 09 06:13:47.855528 2022] [core:info] [pid 1] AH00096: removed PID file /var/run/apache2/apache2.pid (pid=1)
[Fri Sep 09 06:13:47.855563 2022] [mpm_prefork:notice] [pid 1] AH00170: caught SIGWINCH, shutting down gracefully
AH00558: apache2: Could not reliably determine the server's fully qualified domain name, using 10.5.0.4. Set the 'ServerName' directive globally to suppress this message
[Fri Sep 09 06:26:24.197096 2022] [mpm_prefork:notice] [pid 1] AH00163: Apache/2.4.38 (Debian) PHP/7.2.34 configured -- resuming normal operations
[Fri Sep 09 06:26:24.197170 2022] [mpm_prefork:info] [pid 1] AH00164: Server built: 2020-08-25T20:08:29
[Fri Sep 09 06:26:24.197179 2022] [core:notice] [pid 1] AH00094: Command line: 'apache2 -D FOREGROUND'
[Fri Sep 09 06:27:20.151896 2022] [core:info] [pid 1] AH00096: removed PID file /var/run/apache2/apache2.pid (pid=1)
[Fri Sep 09 06:27:20.151928 2022] [mpm_prefork:notice] [pid 1] AH00170: caught SIGWINCH, shutting down gracefully
AH00558: apache2: Could not reliably determine the server's fully qualified domain name, using 10.5.0.4. Set the 'ServerName' directive globally to suppress this message
[Fri Sep 09 06:44:03.553600 2022] [mpm_prefork:notice] [pid 1] AH00163: Apache/2.4.38 (Debian) PHP/7.2.34 configured -- resuming normal operations
[Fri Sep 09 06:44:03.553663 2022] [mpm_prefork:info] [pid 1] AH00164: Server built: 2020-08-25T20:08:29
[Fri Sep 09 06:44:03.553671 2022] [core:notice] [pid 1] AH00094: Command line: 'apache2 -D FOREGROUND'
[Fri Sep 09 06:55:28.375480 2022] [core:info] [pid 1] AH00096: removed PID file /var/run/apache2/apache2.pid (pid=1)
[Fri Sep 09 06:55:28.375526 2022] [mpm_prefork:notice] [pid 1] AH00170: caught SIGWINCH, shutting down gracefully
AH00558: apache2: Could not reliably determine the server's fully qualified domain name, using 10.5.0.4. Set the 'ServerName' directive globally to suppress this message
[Fri Sep 09 07:00:08.517352 2022] [mpm_prefork:notice] [pid 1] AH00163: Apache/2.4.38 (Debian) PHP/7.2.34 configured -- resuming normal operations
[Fri Sep 09 07:00:08.517400 2022] [mpm_prefork:info] [pid 1] AH00164: Server built: 2020-08-25T20:08:29
[Fri Sep 09 07:00:08.517409 2022] [core:notice] [pid 1] AH00094: Command line: 'apache2 -D FOREGROUND'
[Fri Sep 09 07:02:35.263042 2022] [core:info] [pid 1] AH00096: removed PID file /var/run/apache2/apache2.pid (pid=1)
[Fri Sep 09 07:02:35.263106 2022] [mpm_prefork:notice] [pid 1] AH00170: caught SIGWINCH, shutting down gracefully
AH00558: apache2: Could not reliably determine the server's fully qualified domain name, using 10.5.0.4. Set the 'ServerName' directive globally to suppress this message
[Fri Sep 09 07:11:48.679227 2022] [mpm_prefork:notice] [pid 1] AH00163: Apache/2.4.38 (Debian) PHP/7.2.34 configured -- resuming normal operations
[Fri Sep 09 07:11:48.691240 2022] [mpm_prefork:info] [pid 1] AH00164: Server built: 2020-08-25T20:08:29
[Fri Sep 09 07:11:48.692358 2022] [core:notice] [pid 1] AH00094: Command line: 'apache2 -D FOREGROUND'
[Fri Sep 09 07:17:39.897874 2022] [core:info] [pid 1] AH00096: removed PID file /var/run/apache2/apache2.pid (pid=1)
[Fri Sep 09 07:17:39.897913 2022] [mpm_prefork:notice] [pid 1] AH00170: caught SIGWINCH, shutting down gracefully
AH00558: apache2: Could not reliably determine the server's fully qualified domain name, using 10.5.0.4. Set the 'ServerName' directive globally to suppress this message
[Fri Sep 09 07:23:01.154503 2022] [mpm_prefork:notice] [pid 1] AH00163: Apache/2.4.38 (Debian) PHP/7.2.34 configured -- resuming normal operations
[Fri Sep 09 07:23:01.154638 2022] [mpm_prefork:info] [pid 1] AH00164: Server built: 2020-08-25T20:08:29
[Fri Sep 09 07:23:01.154654 2022] [core:notice] [pid 1] AH00094: Command line: 'apache2 -D FOREGROUND'
[Fri Sep 09 07:46:52.258262 2022] [core:info] [pid 19] [client 10.5.0.3:38938] AH00128: File does not exist: /var/www/ga/pred/9324925
[Fri Sep 09 07:52:00.518545 2022] [core:info] [pid 1] AH00096: removed PID file /var/run/apache2/apache2.pid (pid=1)
[Fri Sep 09 07:52:00.521448 2022] [mpm_prefork:notice] [pid 1] AH00170: caught SIGWINCH, shutting down gracefully
AH00558: apache2: Could not reliably determine the server's fully qualified domain name, using 10.5.0.4. Set the 'ServerName' directive globally to suppress this message
[Fri Sep 09 07:53:28.370406 2022] [mpm_prefork:notice] [pid 1] AH00163: Apache/2.4.38 (Debian) PHP/7.2.34 configured -- resuming normal operations
[Fri Sep 09 07:53:28.370452 2022] [mpm_prefork:info] [pid 1] AH00164: Server built: 2020-08-25T20:08:29
[Fri Sep 09 07:53:28.370462 2022] [core:notice] [pid 1] AH00094: Command line: 'apache2 -D FOREGROUND'
[Fri Sep 09 08:15:28.509435 2022] [core:info] [pid 1] AH00096: removed PID file /var/run/apache2/apache2.pid (pid=1)
[Fri Sep 09 08:15:28.509471 2022] [mpm_prefork:notice] [pid 1] AH00170: caught SIGWINCH, shutting down gracefully
AH00558: apache2: Could not reliably determine the server's fully qualified domain name, using 10.5.0.4. Set the 'ServerName' directive globally to suppress this message
[Fri Sep 09 08:16:46.321141 2022] [mpm_prefork:notice] [pid 1] AH00163: Apache/2.4.38 (Debian) PHP/7.2.34 configured -- resuming normal operations
[Fri Sep 09 08:16:46.321212 2022] [mpm_prefork:info] [pid 1] AH00164: Server built: 2020-08-25T20:08:29
[Fri Sep 09 08:16:46.321224 2022] [core:notice] [pid 1] AH00094: Command line: 'apache2 -D FOREGROUND'
[Fri Sep 09 08:24:29.195024 2022] [core:info] [pid 1] AH00096: removed PID file /var/run/apache2/apache2.pid (pid=1)
[Fri Sep 09 08:24:29.195056 2022] [mpm_prefork:notice] [pid 1] AH00170: caught SIGWINCH, shutting down gracefully
AH00558: apache2: Could not reliably determine the server's fully qualified domain name, using 10.5.0.4. Set the 'ServerName' directive globally to suppress this message
[Fri Sep 09 08:24:59.805138 2022] [mpm_prefork:notice] [pid 1] AH00163: Apache/2.4.38 (Debian) PHP/7.2.34 configured -- resuming normal operations
[Fri Sep 09 08:24:59.805181 2022] [mpm_prefork:info] [pid 1] AH00164: Server built: 2020-08-25T20:08:29
[Fri Sep 09 08:24:59.805191 2022] [core:notice] [pid 1] AH00094: Command line: 'apache2 -D FOREGROUND'
[Fri Sep 09 08:25:23.122316 2022] [core:info] [pid 1] AH00096: removed PID file /var/run/apache2/apache2.pid (pid=1)
[Fri Sep 09 08:25:23.122351 2022] [mpm_prefork:notice] [pid 1] AH00170: caught SIGWINCH, shutting down gracefully
AH00558: apache2: Could not reliably determine the server's fully qualified domain name, using 10.5.0.4. Set the 'ServerName' directive globally to suppress this message
[Fri Sep 09 08:27:07.920463 2022] [mpm_prefork:notice] [pid 1] AH00163: Apache/2.4.38 (Debian) PHP/7.2.34 configured -- resuming normal operations
[Fri Sep 09 08:27:07.920540 2022] [mpm_prefork:info] [pid 1] AH00164: Server built: 2020-08-25T20:08:29
[Fri Sep 09 08:27:07.920554 2022] [core:notice] [pid 1] AH00094: Command line: 'apache2 -D FOREGROUND'
[Fri Sep 09 08:40:26.543421 2022] [core:info] [pid 16] [client 10.5.0.3:46398] AH00128: File does not exist: /var/www/ga/cstat/3825/rreg/10/page/5
[Fri Sep 09 09:07:13.685286 2022] [core:info] [pid 17] [client 10.5.0.3:39962] AH00128: File does not exist: /var/www/ga/pred/465054176
[Fri Sep 09 09:16:24.224745 2022] [core:info] [pid 1] AH00096: removed PID file /var/run/apache2/apache2.pid (pid=1)
[Fri Sep 09 09:16:24.224784 2022] [mpm_prefork:notice] [pid 1] AH00170: caught SIGWINCH, shutting down gracefully
AH00558: apache2: Could not reliably determine the server's fully qualified domain name, using 10.5.0.4. Set the 'ServerName' directive globally to suppress this message
[Fri Sep 09 09:23:15.232866 2022] [mpm_prefork:notice] [pid 1] AH00163: Apache/2.4.38 (Debian) PHP/7.2.34 configured -- resuming normal operations
[Fri Sep 09 09:23:15.232945 2022] [mpm_prefork:info] [pid 1] AH00164: Server built: 2020-08-25T20:08:29
[Fri Sep 09 09:23:15.232956 2022] [core:notice] [pid 1] AH00094: Command line: 'apache2 -D FOREGROUND'
[Fri Sep 09 09:28:06.003498 2022] [core:info] [pid 1] AH00096: removed PID file /var/run/apache2/apache2.pid (pid=1)
[Fri Sep 09 09:28:06.003534 2022] [mpm_prefork:notice] [pid 1] AH00170: caught SIGWINCH, shutting down gracefully
AH00558: apache2: Could not reliably determine the server's fully qualified domain name, using 10.5.0.4. Set the 'ServerName' directive globally to suppress this message
[Fri Sep 09 09:29:40.085511 2022] [mpm_prefork:notice] [pid 1] AH00163: Apache/2.4.38 (Debian) PHP/7.2.34 configured -- resuming normal operations
[Fri Sep 09 09:29:40.085565 2022] [mpm_prefork:info] [pid 1] AH00164: Server built: 2020-08-25T20:08:29
[Fri Sep 09 09:29:40.085575 2022] [core:notice] [pid 1] AH00094: Command line: 'apache2 -D FOREGROUND'
AH00558: apache2: Could not reliably determine the server's fully qualified domain name, using 10.5.0.4. Set the 'ServerName' directive globally to suppress this message
[Wed Nov 02 05:43:39.733974 2022] [mpm_prefork:notice] [pid 1] AH00163: Apache/2.4.38 (Debian) PHP/7.2.34 configured -- resuming normal operations
[Wed Nov 02 05:43:39.750880 2022] [mpm_prefork:info] [pid 1] AH00164: Server built: 2020-08-25T20:08:29
[Wed Nov 02 05:43:39.750907 2022] [core:notice] [pid 1] AH00094: Command line: 'apache2 -D FOREGROUND'
[Wed Nov 02 05:44:40.869075 2022] [core:info] [pid 1] AH00096: removed PID file /var/run/apache2/apache2.pid (pid=1)
[Wed Nov 02 05:44:40.880477 2022] [mpm_prefork:notice] [pid 1] AH00170: caught SIGWINCH, shutting down gracefully
AH00558: apache2: Could not reliably determine the server's fully qualified domain name, using 10.5.0.4. Set the 'ServerName' directive globally to suppress this message
[Wed Nov 02 06:06:07.125672 2022] [mpm_prefork:notice] [pid 1] AH00163: Apache/2.4.38 (Debian) PHP/7.2.34 configured -- resuming normal operations
[Wed Nov 02 06:06:07.125751 2022] [mpm_prefork:info] [pid 1] AH00164: Server built: 2020-08-25T20:08:29
[Wed Nov 02 06:06:07.125763 2022] [core:notice] [pid 1] AH00094: Command line: 'apache2 -D FOREGROUND'
[Wed Nov 02 06:09:38.267439 2022] [core:info] [pid 1] AH00096: removed PID file /var/run/apache2/apache2.pid (pid=1)
[Wed Nov 02 06:09:38.267475 2022] [mpm_prefork:notice] [pid 1] AH00170: caught SIGWINCH, shutting down gracefully
AH00558: apache2: Could not reliably determine the server's fully qualified domain name, using 10.5.0.4. Set the 'ServerName' directive globally to suppress this message
[Wed Nov 02 06:09:50.940306 2022] [mpm_prefork:notice] [pid 1] AH00163: Apache/2.4.38 (Debian) PHP/7.2.34 configured -- resuming normal operations
[Wed Nov 02 06:09:50.940383 2022] [mpm_prefork:info] [pid 1] AH00164: Server built: 2020-08-25T20:08:29
[Wed Nov 02 06:09:50.940404 2022] [core:notice] [pid 1] AH00094: Command line: 'apache2 -D FOREGROUND'
[Wed Nov 02 06:09:57.900123 2022] [core:info] [pid 1] AH00096: removed PID file /var/run/apache2/apache2.pid (pid=1)
[Wed Nov 02 06:09:57.900250 2022] [mpm_prefork:notice] [pid 1] AH00170: caught SIGWINCH, shutting down gracefully
AH00558: apache2: Could not reliably determine the server's fully qualified domain name, using 10.5.0.4. Set the 'ServerName' directive globally to suppress this message
[Wed Nov 02 06:10:44.347949 2022] [mpm_prefork:notice] [pid 1] AH00163: Apache/2.4.38 (Debian) PHP/7.2.34 configured -- resuming normal operations
[Wed Nov 02 06:10:44.348017 2022] [mpm_prefork:info] [pid 1] AH00164: Server built: 2020-08-25T20:08:29
[Wed Nov 02 06:10:44.348029 2022] [core:notice] [pid 1] AH00094: Command line: 'apache2 -D FOREGROUND'
[Wed Nov 02 06:14:42.386681 2022] [core:info] [pid 1] AH00096: removed PID file /var/run/apache2/apache2.pid (pid=1)
[Wed Nov 02 06:14:42.392819 2022] [mpm_prefork:notice] [pid 1] AH00170: caught SIGWINCH, shutting down gracefully
AH00558: apache2: Could not reliably determine the server's fully qualified domain name, using 10.5.0.4. Set the 'ServerName' directive globally to suppress this message
[Wed Nov 02 06:29:38.410643 2022] [mpm_prefork:notice] [pid 1] AH00163: Apache/2.4.38 (Debian) PHP/7.2.34 configured -- resuming normal operations
[Wed Nov 02 06:29:38.423294 2022] [mpm_prefork:info] [pid 1] AH00164: Server built: 2020-08-25T20:08:29
[Wed Nov 02 06:29:38.423313 2022] [core:notice] [pid 1] AH00094: Command line: 'apache2 -D FOREGROUND'
[Wed Nov 02 06:35:09.498982 2022] [core:info] [pid 1] AH00096: removed PID file /var/run/apache2/apache2.pid (pid=1)
[Wed Nov 02 06:35:09.499010 2022] [mpm_prefork:notice] [pid 1] AH00170: caught SIGWINCH, shutting down gracefully
