AH00558: apache2: Could not reliably determine the server's fully qualified domain name, using 10.5.0.4. Set the 'ServerName' directive globally to suppress this message
[Sat Sep 03 09:34:48.011423 2022] [mpm_prefork:notice] [pid 1] AH00163: Apache/2.4.38 (Debian) PHP/7.2.34 configured -- resuming normal operations
[Sat Sep 03 09:34:48.011504 2022] [core:notice] [pid 1] AH00094: Command line: 'apache2 -D FOREGROUND'
[Sat Sep 03 09:35:57.842086 2022] [mpm_prefork:notice] [pid 1] AH00170: caught SIGWINCH, shutting down gracefully
AH00558: apache2: Could not reliably determine the server's fully qualified domain name, using 10.5.0.4. Set the 'ServerName' directive globally to suppress this message
[Sat Sep 03 09:40:57.109431 2022] [mpm_prefork:notice] [pid 1] AH00163: Apache/2.4.38 (Debian) PHP/7.2.34 configured -- resuming normal operations
[Sat Sep 03 09:40:57.109498 2022] [core:notice] [pid 1] AH00094: Command line: 'apache2 -D FOREGROUND'
[Sat Sep 03 09:41:01.170504 2022] [mpm_prefork:notice] [pid 1] AH00170: caught SIGWINCH, shutting down gracefully
AH00558: apache2: Could not reliably determine the server's fully qualified domain name, using 10.5.0.4. Set the 'ServerName' directive globally to suppress this message
[Sat Sep 03 09:41:06.107067 2022] [mpm_prefork:notice] [pid 1] AH00163: Apache/2.4.38 (Debian) PHP/7.2.34 configured -- resuming normal operations
[Sat Sep 03 09:41:06.107129 2022] [core:notice] [pid 1] AH00094: Command line: 'apache2 -D FOREGROUND'
[Sat Sep 03 10:02:40.432773 2022] [mpm_prefork:notice] [pid 1] AH00170: caught SIGWINCH, shutting down gracefully
AH00558: apache2: Could not reliably determine the server's fully qualified domain name, using 10.5.0.4. Set the 'ServerName' directive globally to suppress this message
[Sat Sep 03 10:17:56.899119 2022] [mpm_prefork:notice] [pid 1] AH00163: Apache/2.4.38 (Debian) PHP/7.2.34 configured -- resuming normal operations
[Sat Sep 03 10:17:56.899170 2022] [core:notice] [pid 1] AH00094: Command line: 'apache2 -D FOREGROUND'
[Sat Sep 03 10:30:13.930041 2022] [php7:error] [pid 18] [client 10.5.0.3:33218] script '/var/www/html/wp-login.php' not found or unable to stat
[Sat Sep 03 10:33:05.551047 2022] [mpm_prefork:notice] [pid 1] AH00170: caught SIGWINCH, shutting down gracefully
AH00558: apache2: Could not reliably determine the server's fully qualified domain name, using 10.5.0.4. Set the 'ServerName' directive globally to suppress this message
[Sat Sep 03 10:33:07.222236 2022] [mpm_prefork:notice] [pid 1] AH00163: Apache/2.4.38 (Debian) PHP/7.2.34 configured -- resuming normal operations
[Sat Sep 03 10:33:07.222300 2022] [core:notice] [pid 1] AH00094: Command line: 'apache2 -D FOREGROUND'
[Sat Sep 03 10:33:49.859907 2022] [authz_core:error] [pid 19] [client 10.5.0.3:41354] AH01630: client denied by server configuration: /var/www/html/
[Sat Sep 03 10:34:55.397982 2022] [mpm_prefork:notice] [pid 1] AH00170: caught SIGWINCH, shutting down gracefully
AH00558: apache2: Could not reliably determine the server's fully qualified domain name, using 10.5.0.4. Set the 'ServerName' directive globally to suppress this message
[Sat Sep 03 10:34:57.057567 2022] [mpm_prefork:notice] [pid 1] AH00163: Apache/2.4.38 (Debian) PHP/7.2.34 configured -- resuming normal operations
[Sat Sep 03 10:34:57.057625 2022] [core:notice] [pid 1] AH00094: Command line: 'apache2 -D FOREGROUND'
[Sat Sep 03 10:35:01.460969 2022] [authz_core:error] [pid 18] [client 10.5.0.3:55014] AH01630: client denied by server configuration: /var/www/html/
[Sat Sep 03 10:41:29.745379 2022] [mpm_prefork:notice] [pid 1] AH00170: caught SIGWINCH, shutting down gracefully
AH00558: apache2: Could not reliably determine the server's fully qualified domain name, using 10.5.0.4. Set the 'ServerName' directive globally to suppress this message
[Sat Sep 03 10:41:35.834327 2022] [mpm_prefork:notice] [pid 1] AH00163: Apache/2.4.38 (Debian) PHP/7.2.34 configured -- resuming normal operations
[Sat Sep 03 10:41:35.834384 2022] [core:notice] [pid 1] AH00094: Command line: 'apache2 -D FOREGROUND'
[Sat Sep 03 10:41:46.353271 2022] [authz_core:error] [pid 17] [client 10.5.0.3:33852] AH01630: client denied by server configuration: /var/www/html/
[Sat Sep 03 10:44:53.466632 2022] [authz_core:error] [pid 18] [client 10.5.0.3:45926] AH01630: client denied by server configuration: /var/www/html/
[Sat Sep 03 10:44:57.135786 2022] [authz_core:error] [pid 16] [client 10.5.0.3:45942] AH01630: client denied by server configuration: /var/www/html/
[Sat Sep 03 10:49:33.842557 2022] [authz_core:error] [pid 19] [client 10.5.0.3:59586] AH01630: client denied by server configuration: /var/www/html/
[Sat Sep 03 10:49:34.167333 2022] [authz_core:error] [pid 20] [client 10.5.0.3:59596] AH01630: client denied by server configuration: /var/www/html/favicon.ico, referer: http://tradesoft.ga/
[Sat Sep 03 10:50:10.108400 2022] [authz_core:error] [pid 17] [client 10.5.0.3:33036] AH01630: client denied by server configuration: /var/www/html/asdf
[Sat Sep 03 10:50:10.224040 2022] [authz_core:error] [pid 18] [client 10.5.0.3:33046] AH01630: client denied by server configuration: /var/www/html/favicon.ico, referer: http://tradesoft.ga/asdf
[Sat Sep 03 10:59:01.351764 2022] [mpm_prefork:notice] [pid 1] AH00170: caught SIGWINCH, shutting down gracefully
AH00558: apache2: Could not reliably determine the server's fully qualified domain name, using 10.5.0.4. Set the 'ServerName' directive globally to suppress this message
[Sat Sep 03 10:59:07.515053 2022] [mpm_prefork:notice] [pid 1] AH00163: Apache/2.4.38 (Debian) PHP/7.2.34 configured -- resuming normal operations
[Sat Sep 03 10:59:07.515111 2022] [core:notice] [pid 1] AH00094: Command line: 'apache2 -D FOREGROUND'
[Sat Sep 03 10:59:12.216570 2022] [authz_core:error] [pid 16] [client 10.5.0.3:55768] AH01630: client denied by server configuration: /var/www/html/asdf
[Sat Sep 03 10:59:12.424285 2022] [authz_core:error] [pid 17] [client 10.5.0.3:55772] AH01630: client denied by server configuration: /var/www/html/favicon.ico, referer: http://tradesoft.ga/asdf
[Sat Sep 03 10:59:16.050831 2022] [authz_core:error] [pid 20] [client 10.5.0.3:55776] AH01630: client denied by server configuration: /var/www/html/
[Sat Sep 03 10:59:16.200077 2022] [authz_core:error] [pid 19] [client 10.5.0.3:55788] AH01630: client denied by server configuration: /var/www/html/favicon.ico, referer: http://tradesoft.ga/
[Sat Sep 03 10:59:17.660083 2022] [authz_core:error] [pid 18] [client 10.5.0.3:55798] AH01630: client denied by server configuration: /var/www/html/
[Sat Sep 03 10:59:17.717268 2022] [authz_core:error] [pid 16] [client 10.5.0.3:55812] AH01630: client denied by server configuration: /var/www/html/favicon.ico, referer: http://tradesoft.ga/
[Sat Sep 03 10:59:32.856710 2022] [authz_core:error] [pid 17] [client 10.5.0.3:44192] AH01630: client denied by server configuration: /var/www/html/
[Sat Sep 03 10:59:32.911358 2022] [authz_core:error] [pid 20] [client 10.5.0.3:44206] AH01630: client denied by server configuration: /var/www/html/favicon.ico, referer: http://tradesoft.ga/
[Sat Sep 03 10:59:56.020056 2022] [authz_core:error] [pid 19] [client 10.5.0.3:35402] AH01630: client denied by server configuration: /var/www/html/
[Sat Sep 03 10:59:56.159548 2022] [authz_core:error] [pid 18] [client 10.5.0.3:35404] AH01630: client denied by server configuration: /var/www/html/favicon.ico, referer: http://tradesoft.ml//
[Sat Sep 03 11:00:06.796131 2022] [authz_core:error] [pid 16] [client 10.5.0.3:38434] AH01630: client denied by server configuration: /var/www/html/
[Sat Sep 03 11:00:06.848485 2022] [authz_core:error] [pid 17] [client 10.5.0.3:38446] AH01630: client denied by server configuration: /var/www/html/favicon.ico, referer: http://tradesoft.ml//
[Sat Sep 03 11:00:20.404943 2022] [authz_core:error] [pid 20] [client 10.5.0.3:47212] AH01630: client denied by server configuration: /var/www/html/
[Sat Sep 03 11:00:25.325277 2022] [authz_core:error] [pid 19] [client 10.5.0.3:47220] AH01630: client denied by server configuration: /var/www/html/
[Sat Sep 03 11:00:31.497572 2022] [authz_core:error] [pid 18] [client 10.5.0.3:51060] AH01630: client denied by server configuration: /var/www/html/cstat
[Sat Sep 03 11:01:05.533833 2022] [authz_core:error] [pid 16] [client 10.5.0.3:39622] AH01630: client denied by server configuration: /var/www/html/asdfasdf
[Sat Sep 03 11:01:05.611981 2022] [authz_core:error] [pid 17] [client 10.5.0.3:39630] AH01630: client denied by server configuration: /var/www/html/favicon.ico, referer: http://tradesoft.ml/asdfasdf
[Sat Sep 03 11:01:56.701917 2022] [mpm_prefork:notice] [pid 1] AH00170: caught SIGWINCH, shutting down gracefully
AH00558: apache2: Could not reliably determine the server's fully qualified domain name, using 10.5.0.4. Set the 'ServerName' directive globally to suppress this message
[Sat Sep 03 11:02:07.088641 2022] [mpm_prefork:notice] [pid 1] AH00163: Apache/2.4.38 (Debian) PHP/7.2.34 configured -- resuming normal operations
[Sat Sep 03 11:02:07.088759 2022] [mpm_prefork:info] [pid 1] AH00164: Server built: 2020-08-25T20:08:29
[Sat Sep 03 11:02:07.088766 2022] [core:notice] [pid 1] AH00094: Command line: 'apache2 -D FOREGROUND'
[Sat Sep 03 11:02:09.039129 2022] [authz_core:error] [pid 18] [client 10.5.0.3:43542] AH01630: client denied by server configuration: /var/www/html/asdfasdf
[Sat Sep 03 11:02:09.107754 2022] [authz_core:error] [pid 16] [client 10.5.0.3:43552] AH01630: client denied by server configuration: /var/www/html/favicon.ico, referer: http://tradesoft.ml/asdfasdf
[Sat Sep 03 11:02:11.647221 2022] [authz_core:error] [pid 17] [client 10.5.0.3:36300] AH01630: client denied by server configuration: /var/www/html/
[Sat Sep 03 11:02:11.693620 2022] [authz_core:error] [pid 19] [client 10.5.0.3:36316] AH01630: client denied by server configuration: /var/www/html/favicon.ico, referer: http://tradesoft.ml//
[Sat Sep 03 11:02:16.145266 2022] [authz_core:error] [pid 20] [client 10.5.0.3:36332] AH01630: client denied by server configuration: /var/www/html/
[Sat Sep 03 11:02:20.265931 2022] [authz_core:error] [pid 18] [client 10.5.0.3:48334] AH01630: client denied by server configuration: /var/www/html/
[Sat Sep 03 11:03:27.864585 2022] [core:info] [pid 1] AH00096: removed PID file /var/run/apache2/apache2.pid (pid=1)
[Sat Sep 03 11:03:27.864619 2022] [mpm_prefork:notice] [pid 1] AH00170: caught SIGWINCH, shutting down gracefully
AH00558: apache2: Could not reliably determine the server's fully qualified domain name, using 10.5.0.4. Set the 'ServerName' directive globally to suppress this message
[Sat Sep 03 11:03:36.509738 2022] [mpm_prefork:notice] [pid 1] AH00163: Apache/2.4.38 (Debian) PHP/7.2.34 configured -- resuming normal operations
[Sat Sep 03 11:03:36.509784 2022] [mpm_prefork:info] [pid 1] AH00164: Server built: 2020-08-25T20:08:29
[Sat Sep 03 11:03:36.509793 2022] [core:notice] [pid 1] AH00094: Command line: 'apache2 -D FOREGROUND'
[Sat Sep 03 11:03:41.741941 2022] [authz_core:error] [pid 17] [client 10.5.0.3:48644] AH01630: client denied by server configuration: /var/www/html/
[Sat Sep 03 11:03:41.821618 2022] [authz_core:error] [pid 19] [client 10.5.0.3:48654] AH01630: client denied by server configuration: /var/www/html/favicon.ico, referer: http://tradesoft.ml//
[Sat Sep 03 11:03:47.695116 2022] [authz_core:error] [pid 18] [client 10.5.0.3:48658] AH01630: client denied by server configuration: /var/www/html/
[Sat Sep 03 11:05:30.655623 2022] [authz_core:error] [pid 16] [client 10.5.0.1:42582] AH01630: client denied by server configuration: /var/www/html/
[Sat Sep 03 11:12:25.739900 2022] [authz_core:error] [pid 20] [client 10.5.0.3:37406] AH01630: client denied by server configuration: /var/www/html/
[Sat Sep 03 11:12:27.005720 2022] [authz_core:error] [pid 17] [client 10.5.0.3:37420] AH01630: client denied by server configuration: /var/www/html/favicon.ico, referer: http://tradesoft.ml//
[Sat Sep 03 11:12:38.893008 2022] [authz_core:error] [pid 19] [client 10.5.0.3:57282] AH01630: client denied by server configuration: /var/www/html/
[Sat Sep 03 11:14:10.886834 2022] [core:info] [pid 1] AH00096: removed PID file /var/run/apache2/apache2.pid (pid=1)
[Sat Sep 03 11:14:10.886874 2022] [mpm_prefork:notice] [pid 1] AH00170: caught SIGWINCH, shutting down gracefully
AH00558: apache2: Could not reliably determine the server's fully qualified domain name, using 10.5.0.4. Set the 'ServerName' directive globally to suppress this message
[Sat Sep 03 11:14:19.757385 2022] [mpm_prefork:notice] [pid 1] AH00163: Apache/2.4.38 (Debian) PHP/7.2.34 configured -- resuming normal operations
[Sat Sep 03 11:14:19.757445 2022] [mpm_prefork:info] [pid 1] AH00164: Server built: 2020-08-25T20:08:29
[Sat Sep 03 11:14:19.757454 2022] [core:notice] [pid 1] AH00094: Command line: 'apache2 -D FOREGROUND'
[Sat Sep 03 11:14:22.770916 2022] [authz_core:error] [pid 18] [client 10.5.0.3:38308] AH01630: client denied by server configuration: /var/www/ga/
[Sat Sep 03 11:14:25.300556 2022] [authz_core:error] [pid 16] [client 10.5.0.3:38312] AH01630: client denied by server configuration: /var/www/ga/ege
[Sat Sep 03 11:14:45.049329 2022] [authz_core:error] [pid 19] [client 10.5.0.1:46890] AH01630: client denied by server configuration: /var/www/ga/
[Sat Sep 03 11:16:11.578901 2022] [authz_core:error] [pid 17] [client 10.5.0.3:37588] AH01630: client denied by server configuration: /var/www/ga/ege
[Sat Sep 03 11:16:12.165654 2022] [authz_core:error] [pid 20] [client 10.5.0.3:37590] AH01630: client denied by server configuration: /var/www/ga/ege
[Sat Sep 03 11:16:12.395572 2022] [authz_core:error] [pid 18] [client 10.5.0.3:37606] AH01630: client denied by server configuration: /var/www/ga/ege
[Sat Sep 03 11:16:12.581356 2022] [authz_core:error] [pid 16] [client 10.5.0.3:37622] AH01630: client denied by server configuration: /var/www/ga/ege
[Sat Sep 03 11:16:12.782194 2022] [authz_core:error] [pid 19] [client 10.5.0.3:37628] AH01630: client denied by server configuration: /var/www/ga/ege
[Sat Sep 03 11:16:30.374870 2022] [authz_core:error] [pid 17] [client 10.5.0.3:54142] AH01630: client denied by server configuration: /var/www/ga/
[Sat Sep 03 11:17:18.542528 2022] [authz_core:error] [pid 20] [client 10.5.0.3:37214] AH01630: client denied by server configuration: /var/www/ga/index.php
[Sat Sep 03 11:18:59.324289 2022] [authz_core:error] [pid 18] [client 10.5.0.3:55130] AH01630: client denied by server configuration: /var/www/ga/index.php
[Sat Sep 03 11:19:03.553499 2022] [authz_core:error] [pid 16] [client 10.5.0.3:60448] AH01630: client denied by server configuration: /var/www/ga/
[Sat Sep 03 11:19:12.486298 2022] [core:info] [pid 1] AH00096: removed PID file /var/run/apache2/apache2.pid (pid=1)
[Sat Sep 03 11:19:12.486332 2022] [mpm_prefork:notice] [pid 1] AH00170: caught SIGWINCH, shutting down gracefully
AH00558: apache2: Could not reliably determine the server's fully qualified domain name, using 10.5.0.4. Set the 'ServerName' directive globally to suppress this message
[Sat Sep 03 11:19:16.868492 2022] [mpm_prefork:notice] [pid 1] AH00163: Apache/2.4.38 (Debian) PHP/7.2.34 configured -- resuming normal operations
[Sat Sep 03 11:19:16.868535 2022] [mpm_prefork:info] [pid 1] AH00164: Server built: 2020-08-25T20:08:29
[Sat Sep 03 11:19:16.868544 2022] [core:notice] [pid 1] AH00094: Command line: 'apache2 -D FOREGROUND'
[Sat Sep 03 11:19:19.031338 2022] [core:info] [pid 19] [client 10.5.0.3:58558] AH00128: File does not exist: /var/www/ga/favicon.ico
[Sat Sep 03 11:19:26.957401 2022] [core:info] [pid 16] [client 10.5.0.3:48456] AH00128: File does not exist: /var/www/ml/favicon.ico
[Sat Sep 03 11:26:20.974812 2022] [core:info] [pid 20] [client 10.5.0.3:47730] AH00128: File does not exist: /var/www/ga/asdf
[Sat Sep 03 11:26:21.064583 2022] [core:info] [pid 16] [client 10.5.0.3:47744] AH00128: File does not exist: /var/www/ga/favicon.ico, referer: http://tradesoft.ga/asdf
[Sat Sep 03 11:54:05.776932 2022] [core:info] [pid 20] [client 10.5.0.3:44930] AH00128: File does not exist: /var/www/ga/pred/114040811
[Sat Sep 03 12:47:40.060695 2022] [core:info] [pid 18] [client 10.5.0.3:41358] AH00128: File does not exist: /var/www/ga/pred/486172562
[Sat Sep 03 12:59:18.115444 2022] [core:info] [pid 20] [client 10.5.0.3:34890] AH00128: File does not exist: /var/www/ga/robots.txt
[Sat Sep 03 13:22:15.567980 2022] [core:info] [pid 18] [client 10.5.0.3:57408] AH00128: File does not exist: /var/www/ga/dnscfg.cgi
[Sat Sep 03 13:31:45.292328 2022] [core:info] [pid 19] [client 10.5.0.3:50930] AH00128: File does not exist: /var/www/ga/vendor/phpunit/phpunit/src/Util/PHP/eval-stdin.php
[Sat Sep 03 13:41:14.350047 2022] [core:info] [pid 20] [client 10.5.0.3:39530] AH00128: File does not exist: /var/www/ga/pred/97246035
[Sat Sep 03 13:44:59.014020 2022] [core:info] [pid 16] [client 10.5.0.3:53582] AH00128: File does not exist: /var/www/ga/vendor/phpunit/phpunit/src/Util/PHP/eval-stdin.php
[Sat Sep 03 13:50:30.484929 2022] [core:info] [pid 18] [client 10.5.0.3:58360] AH00128: File does not exist: /var/www/ga/solr/admin/info/system
[Sat Sep 03 14:34:48.636039 2022] [core:info] [pid 16] [client 10.5.0.3:47608] AH00128: File does not exist: /var/www/ga/pred/118632307
[Sat Sep 03 14:47:54.643661 2022] [core:info] [pid 18] [client 10.5.0.3:53146] AH00128: File does not exist: /var/www/ga/console/
[Sat Sep 03 14:53:11.912979 2022] [core:info] [pid 19] [client 10.5.0.3:41396] AH00128: File does not exist: /var/www/ga/favicon.ico
[Sat Sep 03 14:55:23.223204 2022] [core:info] [pid 17] [client 10.5.0.3:37894] AH00128: File does not exist: /var/www/ga/Autodiscover/Autodiscover.xml
[Sat Sep 03 15:09:59.914897 2022] [core:info] [pid 19] [client 10.5.0.3:58802] AH00128: File does not exist: /var/www/ga/.env
[Sat Sep 03 15:11:44.436697 2022] [core:info] [pid 20] [client 10.5.0.3:38238] AH00128: File does not exist: /var/www/ga/_ignition/execute-solution
[Sat Sep 03 15:24:02.015696 2022] [core:info] [pid 17] [client 10.5.0.3:55284] AH00128: File does not exist: /var/www/ga/favicon.ico
[Sat Sep 03 16:01:01.081002 2022] [core:info] [pid 18] [client 10.5.0.3:51490] AH00128: File does not exist: /var/www/ga/actuator/gateway/routes
[Sat Sep 03 16:04:48.630809 2022] [core:info] [pid 19] [client 10.5.0.3:39548] AH00128: File does not exist: /var/www/ga/pred/583421521
[Sat Sep 03 16:19:20.396365 2022] [core:info] [pid 20] [client 10.5.0.3:39148] AH00128: File does not exist: /var/www/ga/dnscfg.cgi
[Sat Sep 03 19:08:02.872288 2022] [core:info] [pid 20] [client 10.5.0.3:44234] AH00128: File does not exist: /var/www/ga/pred/36677194
[Sat Sep 03 19:21:46.202162 2022] [core:info] [pid 17] [client 10.5.0.3:50150] AH00128: File does not exist: /var/www/ga/favicon.ico
[Sat Sep 03 19:34:50.010967 2022] [core:info] [pid 20] [client 10.5.0.3:59170] AH00128: File does not exist: /var/www/ga/pred/501157705
[Sat Sep 03 19:41:19.821009 2022] [core:info] [pid 18] [client 10.5.0.3:56230] AH00128: File does not exist: /var/www/ml/boaform/admin/formLogin
[Sat Sep 03 20:01:37.156059 2022] [core:info] [pid 19] [client 10.5.0.3:35928] AH00128: File does not exist: /var/www/ga/pred/541180873
[Sat Sep 03 20:28:42.563533 2022] [core:info] [pid 18] [client 10.5.0.3:34782] AH00128: File does not exist: /var/www/ga/pred/524353882
[Sat Sep 03 20:28:42.592843 2022] [core:info] [pid 19] [client 10.5.0.3:34790] AH00128: File does not exist: /var/www/ga/robots.txt
[Sat Sep 03 20:55:29.704820 2022] [core:info] [pid 20] [client 10.5.0.3:47214] AH00128: File does not exist: /var/www/ga/pred/491966502
[Sat Sep 03 21:26:14.354898 2022] [core:info] [pid 16] [client 10.5.0.3:57762] AH00128: File does not exist: /var/www/ga/pred/501385165
[Sat Sep 03 22:19:48.628324 2022] [core:info] [pid 19] [client 10.5.0.3:60280] AH00128: File does not exist: /var/www/ga/pred/501035917
[Sat Sep 03 22:26:18.557568 2022] [core:info] [pid 17] [client 10.5.0.3:43874] AH00128: File does not exist: /var/www/ga/db/scripts/setup.php
[Sat Sep 03 22:26:18.562708 2022] [core:info] [pid 20] [client 10.5.0.3:43890] AH00128: File does not exist: /var/www/ga/phpMyAdmin/scripts/setup.php
[Sat Sep 03 22:26:18.574318 2022] [core:info] [pid 16] [client 10.5.0.3:43896] AH00128: File does not exist: /var/www/ga/mysql/scripts/setup.php
[Sat Sep 03 22:26:18.575417 2022] [core:info] [pid 18] [client 10.5.0.3:43908] AH00128: File does not exist: /var/www/ga/pma/scripts/setup.php
[Sat Sep 03 23:02:20.919379 2022] [core:info] [pid 16] [client 10.5.0.3:36674] AH00128: File does not exist: /var/www/ga/db/scripts/setup.php
[Sat Sep 03 23:02:20.919632 2022] [core:info] [pid 18] [client 10.5.0.3:36686] AH00128: File does not exist: /var/www/ga/mysql/scripts/setup.php
[Sat Sep 03 23:02:20.919246 2022] [core:info] [pid 20] [client 10.5.0.3:36660] AH00128: File does not exist: /var/www/ga/pma/scripts/setup.php
[Sat Sep 03 23:02:20.920880 2022] [core:info] [pid 19] [client 10.5.0.3:36692] AH00128: File does not exist: /var/www/ga/phpMyAdmin/scripts/setup.php
[Sat Sep 03 23:13:22.981222 2022] [core:info] [pid 17] [client 10.5.0.3:42942] AH00128: File does not exist: /var/www/ga/pred/465384333
[Sun Sep 04 00:06:57.210200 2022] [core:info] [pid 18] [client 10.5.0.3:52722] AH00128: File does not exist: /var/www/ga/pred/467211255
[Sun Sep 04 00:52:00.963430 2022] [core:info] [pid 19] [client 10.5.0.3:52196] AH00128: File does not exist: /var/www/ga/favicon.ico
[Sun Sep 04 01:00:31.480291 2022] [core:info] [pid 17] [client 10.5.0.3:44228] AH00128: File does not exist: /var/www/ga/cstat/6375/page/212
[Sun Sep 04 01:29:18.805545 2022] [core:info] [pid 18] [client 10.5.0.3:44066] AH00128: File does not exist: /var/www/ga/phpMyAdmin/scripts/setup.php
[Sun Sep 04 01:29:18.807523 2022] [core:info] [pid 20] [client 10.5.0.3:44082] AH00128: File does not exist: /var/www/ga/pma/scripts/setup.php
[Sun Sep 04 01:29:18.807928 2022] [core:info] [pid 19] [client 10.5.0.3:44094] AH00128: File does not exist: /var/www/ga/db/scripts/setup.php
[Sun Sep 04 01:29:18.824213 2022] [core:info] [pid 17] [client 10.5.0.3:44098] AH00128: File does not exist: /var/www/ga/mysql/scripts/setup.php
[Sun Sep 04 01:36:25.455319 2022] [core:info] [pid 16] [client 10.5.0.3:56912] AH00128: File does not exist: /var/www/ga/boaform/admin/formLogin, referer: http://62.109.18.140:80/admin/login.asp
[Sun Sep 04 02:30:31.569078 2022] [core:info] [pid 19] [client 10.5.0.3:35560] AH00128: File does not exist: /var/www/ga/pred/7126995
[Sun Sep 04 04:00:11.508950 2022] [core:info] [pid 16] [client 10.5.0.3:42234] AH00128: File does not exist: /var/www/ga/robots.txt
[Sun Sep 04 04:00:11.611596 2022] [core:info] [pid 18] [client 10.5.0.3:42244] AH00128: File does not exist: /var/www/ga/humans.txt
[Sun Sep 04 04:00:11.966003 2022] [core:info] [pid 20] [client 10.5.0.3:42246] AH00128: File does not exist: /var/www/ga/ads.txt
[Sun Sep 04 07:01:49.534671 2022] [core:info] [pid 18] [client 10.5.0.3:56170] AH00128: File does not exist: /var/www/ga/pred/540570845
[Sun Sep 04 07:07:32.547029 2022] [core:info] [pid 20] [client 10.5.0.3:45302] AH00128: File does not exist: /var/www/ga/shell
[Sun Sep 04 07:28:45.627875 2022] [core:info] [pid 19] [client 10.5.0.3:36360] AH00128: File does not exist: /var/www/ga/pred/444644911
[Sun Sep 04 07:55:32.772432 2022] [core:info] [pid 18] [client 10.5.0.3:45628] AH00128: File does not exist: /var/www/ga/pred/455400709
[Sun Sep 04 08:22:19.909296 2022] [core:info] [pid 19] [client 10.5.0.3:49916] AH00128: File does not exist: /var/www/ga/pred/513098250
[Sun Sep 04 08:45:21.997431 2022] [core:info] [pid 17] [client 10.5.0.3:58190] AH00128: File does not exist: /var/www/ga/WuEL
[Sun Sep 04 08:45:32.305792 2022] [core:info] [pid 18] [client 10.5.0.3:32888] AH00128: File does not exist: /var/www/ga/a
[Sun Sep 04 08:45:32.529136 2022] [core:info] [pid 20] [client 10.5.0.3:32902] AH00128: File does not exist: /var/www/ga/download/file.ext
[Sun Sep 04 08:45:32.801731 2022] [core:info] [pid 19] [client 10.5.0.3:32916] AH00128: File does not exist: /var/www/ga/SiteLoader
[Sun Sep 04 08:45:33.403158 2022] [core:info] [pid 16] [client 10.5.0.3:32932] AH00128: File does not exist: /var/www/ga/mPlayer
[Sun Sep 04 08:49:07.094616 2022] [core:info] [pid 17] [client 10.5.0.3:53352] AH00128: File does not exist: /var/www/ga/robots.txt
[Sun Sep 04 08:49:07.369390 2022] [core:info] [pid 18] [client 10.5.0.3:53360] AH00128: File does not exist: /var/www/ga/pred/500386789
[Sun Sep 04 09:06:49.519838 2022] [core:info] [pid 19] [client 10.5.0.3:39414] AH00128: File does not exist: /var/www/ga/config/getuser
[Sun Sep 04 09:15:54.203061 2022] [core:info] [pid 16] [client 10.5.0.3:47096] AH00128: File does not exist: /var/www/ga/pred/456674009
[Sun Sep 04 09:19:06.588477 2022] [core:info] [pid 18] [client 10.5.0.3:49784] AH00128: File does not exist: /var/www/ga/robots.txt
[Sun Sep 04 09:19:06.842334 2022] [core:info] [pid 20] [client 10.5.0.3:49786] AH00128: File does not exist: /var/www/ga/Admin8c126d3e/Login.php
[Sun Sep 04 09:19:10.576230 2022] [php7:error] [pid 16] [client 10.5.0.3:39740] script '/var/www/ga/l.php' not found or unable to stat
[Sun Sep 04 09:19:10.830490 2022] [php7:error] [pid 17] [client 10.5.0.3:39754] script '/var/www/ga/phpinfo.php' not found or unable to stat
[Sun Sep 04 09:19:11.084442 2022] [php7:error] [pid 18] [client 10.5.0.3:39760] script '/var/www/ga/test.php' not found or unable to stat
[Sun Sep 04 09:19:14.604817 2022] [php7:error] [pid 19] [client 10.5.0.3:39778] script '/var/www/ga/bbs.php' not found or unable to stat
[Sun Sep 04 09:19:14.861076 2022] [php7:error] [pid 16] [client 10.5.0.3:39790] script '/var/www/ga/forum.php' not found or unable to stat
[Sun Sep 04 09:19:15.115066 2022] [php7:error] [pid 17] [client 10.5.0.3:39802] script '/var/www/ga/forums.php' not found or unable to stat
[Sun Sep 04 09:19:15.369061 2022] [core:info] [pid 18] [client 10.5.0.3:39816] AH00128: File does not exist: /var/www/ga/bbs/index.php
[Sun Sep 04 09:19:15.622808 2022] [core:info] [pid 20] [client 10.5.0.3:39832] AH00128: File does not exist: /var/www/ga/forum/index.php
[Sun Sep 04 09:19:15.876592 2022] [core:info] [pid 19] [client 10.5.0.3:39844] AH00128: File does not exist: /var/www/ga/forums/index.php
[Sun Sep 04 09:19:16.130572 2022] [core:info] [pid 16] [client 10.5.0.3:39846] AH00128: File does not exist: /var/www/ga/ajax/render/widget_tabbedcontainer_tab_panel
[Sun Sep 04 09:19:16.385247 2022] [core:info] [pid 17] [client 10.5.0.3:39848] AH00128: File does not exist: /var/www/ga/bbs/ajax/render/widget_tabbedcontainer_tab_panel
[Sun Sep 04 09:19:18.549804 2022] [core:info] [pid 18] [client 10.5.0.3:39856] AH00128: File does not exist: /var/www/ga/forum/ajax/render/widget_tabbedcontainer_tab_panel
[Sun Sep 04 09:19:18.803709 2022] [core:info] [pid 20] [client 10.5.0.3:39868] AH00128: File does not exist: /var/www/ga/forums/ajax/render/widget_tabbedcontainer_tab_panel
[Sun Sep 04 09:19:19.057682 2022] [core:info] [pid 19] [client 10.5.0.3:39874] AH00128: File does not exist: /var/www/ga/cgi-bin/php
[Sun Sep 04 09:19:19.311619 2022] [core:info] [pid 16] [client 10.5.0.3:39884] AH00128: File does not exist: /var/www/ga/cgi-bin/php5
[Sun Sep 04 09:19:19.565615 2022] [core:info] [pid 17] [client 10.5.0.3:39900] AH00128: File does not exist: /var/www/ga/cgi-bin/php-cgi
[Sun Sep 04 09:19:19.819779 2022] [core:info] [pid 18] [client 10.5.0.3:39904] AH00128: File does not exist: /var/www/ga/cgi-bin/php.cgi
[Sun Sep 04 09:19:20.074626 2022] [core:info] [pid 20] [client 10.5.0.3:46160] AH00128: File does not exist: /var/www/ga/cgi-bin/php4
[Sun Sep 04 09:19:20.328610 2022] [core:info] [pid 19] [client 10.5.0.3:46162] AH00128: File does not exist: /var/www/ga/base/post.php
[Sun Sep 04 09:19:20.860105 2022] [core:info] [pid 16] [client 10.5.0.3:46168] AH00128: File does not exist: /var/www/ga/webdav/
[Sun Sep 04 09:19:21.238209 2022] [core:info] [pid 17] [client 10.5.0.3:46180] AH00128: File does not exist: /var/www/ga/ispirit/im/upload.php
[Sun Sep 04 09:19:22.626830 2022] [php7:error] [pid 18] [client 10.5.0.3:46196] script '/var/www/ga/help.php' not found or unable to stat
[Sun Sep 04 09:19:22.881363 2022] [php7:error] [pid 20] [client 10.5.0.3:46198] script '/var/www/ga/java.php' not found or unable to stat
[Sun Sep 04 09:19:23.135327 2022] [php7:error] [pid 19] [client 10.5.0.3:46206] script '/var/www/ga/_query.php' not found or unable to stat
[Sun Sep 04 09:19:23.389224 2022] [php7:error] [pid 16] [client 10.5.0.3:46210] script '/var/www/ga/test.php' not found or unable to stat
[Sun Sep 04 09:19:23.643629 2022] [php7:error] [pid 17] [client 10.5.0.3:46224] script '/var/www/ga/db_cts.php' not found or unable to stat
[Sun Sep 04 09:19:23.897801 2022] [php7:error] [pid 18] [client 10.5.0.3:46234] script '/var/www/ga/db_pma.php' not found or unable to stat
[Sun Sep 04 09:19:24.152171 2022] [php7:error] [pid 20] [client 10.5.0.3:46248] script '/var/www/ga/logon.php' not found or unable to stat
[Sun Sep 04 09:19:24.406525 2022] [php7:error] [pid 19] [client 10.5.0.3:46256] script '/var/www/ga/help-e.php' not found or unable to stat
[Sun Sep 04 09:19:26.650024 2022] [php7:error] [pid 16] [client 10.5.0.3:46260] script '/var/www/ga/license.php' not found or unable to stat
[Sun Sep 04 09:19:26.904856 2022] [php7:error] [pid 17] [client 10.5.0.3:46270] script '/var/www/ga/log.php' not found or unable to stat
[Sun Sep 04 09:19:27.159210 2022] [php7:error] [pid 18] [client 10.5.0.3:46272] script '/var/www/ga/hell.php' not found or unable to stat
[Sun Sep 04 09:19:27.414413 2022] [php7:error] [pid 20] [client 10.5.0.3:46274] script '/var/www/ga/pmd_online.php' not found or unable to stat
[Sun Sep 04 09:19:27.668273 2022] [php7:error] [pid 19] [client 10.5.0.3:46286] script '/var/www/ga/x.php' not found or unable to stat
[Sun Sep 04 09:19:27.922155 2022] [php7:error] [pid 16] [client 10.5.0.3:46302] script '/var/www/ga/shell.php' not found or unable to stat
[Sun Sep 04 09:19:28.177367 2022] [php7:error] [pid 17] [client 10.5.0.3:46304] script '/var/www/ga/htdocs.php' not found or unable to stat
[Sun Sep 04 09:19:28.431866 2022] [php7:error] [pid 18] [client 10.5.0.3:46308] script '/var/www/ga/b.php' not found or unable to stat
[Sun Sep 04 09:19:30.634868 2022] [php7:error] [pid 20] [client 10.5.0.3:56286] script '/var/www/ga/sane.php' not found or unable to stat
[Sun Sep 04 09:19:30.889068 2022] [php7:error] [pid 19] [client 10.5.0.3:56294] script '/var/www/ga/desktop.ini.php' not found or unable to stat
[Sun Sep 04 09:19:31.143545 2022] [php7:error] [pid 16] [client 10.5.0.3:56308] script '/var/www/ga/z.php' not found or unable to stat
[Sun Sep 04 09:19:31.400008 2022] [php7:error] [pid 17] [client 10.5.0.3:56320] script '/var/www/ga/lala.php' not found or unable to stat
[Sun Sep 04 09:19:31.654273 2022] [php7:error] [pid 18] [client 10.5.0.3:56328] script '/var/www/ga/lala-dpr.php' not found or unable to stat
[Sun Sep 04 09:19:31.908521 2022] [php7:error] [pid 20] [client 10.5.0.3:56344] script '/var/www/ga/wpc.php' not found or unable to stat
[Sun Sep 04 09:19:32.163131 2022] [php7:error] [pid 19] [client 10.5.0.3:56358] script '/var/www/ga/wpo.php' not found or unable to stat
[Sun Sep 04 09:19:32.417057 2022] [php7:error] [pid 16] [client 10.5.0.3:56362] script '/var/www/ga/t6nv.php' not found or unable to stat
[Sun Sep 04 09:19:34.632158 2022] [php7:error] [pid 17] [client 10.5.0.3:56370] script '/var/www/ga/muhstik.php' not found or unable to stat
[Sun Sep 04 09:19:34.886382 2022] [php7:error] [pid 18] [client 10.5.0.3:56384] script '/var/www/ga/text.php' not found or unable to stat
[Sun Sep 04 09:19:35.141188 2022] [php7:error] [pid 20] [client 10.5.0.3:56400] script '/var/www/ga/wp-config.php' not found or unable to stat
[Sun Sep 04 09:19:35.396420 2022] [php7:error] [pid 19] [client 10.5.0.3:56406] script '/var/www/ga/muhstik.php' not found or unable to stat
[Sun Sep 04 09:19:35.650748 2022] [php7:error] [pid 16] [client 10.5.0.3:56416] script '/var/www/ga/muhstik2.php' not found or unable to stat
[Sun Sep 04 09:19:35.905589 2022] [php7:error] [pid 17] [client 10.5.0.3:56422] script '/var/www/ga/muhstiks.php' not found or unable to stat
[Sun Sep 04 09:19:36.160120 2022] [php7:error] [pid 18] [client 10.5.0.3:56426] script '/var/www/ga/muhstik-dpr.php' not found or unable to stat
[Sun Sep 04 09:19:36.414293 2022] [php7:error] [pid 20] [client 10.5.0.3:56440] script '/var/www/ga/lol.php' not found or unable to stat
[Sun Sep 04 09:19:38.632329 2022] [php7:error] [pid 19] [client 10.5.0.3:56446] script '/var/www/ga/uploader.php' not found or unable to stat
[Sun Sep 04 09:19:38.886713 2022] [php7:error] [pid 16] [client 10.5.0.3:56456] script '/var/www/ga/cmd.php' not found or unable to stat
[Sun Sep 04 09:19:39.141285 2022] [php7:error] [pid 17] [client 10.5.0.3:56470] script '/var/www/ga/cmv.php' not found or unable to stat
[Sun Sep 04 09:19:39.397079 2022] [php7:error] [pid 18] [client 10.5.0.3:56472] script '/var/www/ga/cmdd.php' not found or unable to stat
[Sun Sep 04 09:19:39.651447 2022] [php7:error] [pid 20] [client 10.5.0.3:56476] script '/var/www/ga/knal.php' not found or unable to stat
[Sun Sep 04 09:19:39.905378 2022] [php7:error] [pid 19] [client 10.5.0.3:56482] script '/var/www/ga/cmd.php' not found or unable to stat
[Sun Sep 04 09:19:40.161784 2022] [php7:error] [pid 16] [client 10.5.0.3:58270] script '/var/www/ga/shell.php' not found or unable to stat
[Sun Sep 04 09:19:40.416153 2022] [php7:error] [pid 17] [client 10.5.0.3:58276] script '/var/www/ga/appserv.php' not found or unable to stat
[Sun Sep 04 09:19:40.671122 2022] [core:info] [pid 18] [client 10.5.0.3:58278] AH00128: File does not exist: /var/www/ga/scripts/setup.php
[Sun Sep 04 09:19:41.066379 2022] [core:info] [pid 20] [client 10.5.0.3:58294] AH00128: File does not exist: /var/www/ga/phpmyadmin/scripts/setup.php
[Sun Sep 04 09:19:42.537592 2022] [core:info] [pid 19] [client 10.5.0.3:58304] AH00128: File does not exist: /var/www/ga/phpMyAdmin/scripts/setup.php
[Sun Sep 04 09:19:42.791883 2022] [core:info] [pid 16] [client 10.5.0.3:58308] AH00128: File does not exist: /var/www/ga/scripts/db___.init.php
[Sun Sep 04 09:19:43.046120 2022] [core:info] [pid 17] [client 10.5.0.3:58312] AH00128: File does not exist: /var/www/ga/phpmyadmin/scripts/db___.init.php
[Sun Sep 04 09:19:43.300712 2022] [core:info] [pid 18] [client 10.5.0.3:58322] AH00128: File does not exist: /var/www/ga/phpMyAdmin/scripts/db___.init.php
[Sun Sep 04 09:19:43.554883 2022] [core:info] [pid 20] [client 10.5.0.3:58332] AH00128: File does not exist: /var/www/ga/pma/scripts/setup.php
[Sun Sep 04 09:19:43.809407 2022] [core:info] [pid 19] [client 10.5.0.3:58340] AH00128: File does not exist: /var/www/ga/PMA/scripts/setup.php
[Sun Sep 04 09:19:44.064564 2022] [core:info] [pid 16] [client 10.5.0.3:58346] AH00128: File does not exist: /var/www/ga/myadmin/scripts/setup.php
[Sun Sep 04 09:19:44.320397 2022] [core:info] [pid 17] [client 10.5.0.3:58348] AH00128: File does not exist: /var/www/ga/MyAdmin/scripts/setup.php
[Sun Sep 04 09:19:44.575427 2022] [core:info] [pid 18] [client 10.5.0.3:58360] AH00128: File does not exist: /var/www/ga/pma/scripts/db___.init.php
[Sun Sep 04 09:19:44.829983 2022] [core:info] [pid 20] [client 10.5.0.3:58374] AH00128: File does not exist: /var/www/ga/PMA/scripts/db___.init.php
[Sun Sep 04 09:19:46.622968 2022] [core:info] [pid 19] [client 10.5.0.3:58390] AH00128: File does not exist: /var/www/ga/myadmin/scripts/db___.init.php
[Sun Sep 04 09:19:46.878515 2022] [core:info] [pid 16] [client 10.5.0.3:58398] AH00128: File does not exist: /var/www/ga/MyAdmin/scripts/db___.init.php
[Sun Sep 04 09:19:47.132901 2022] [core:info] [pid 17] [client 10.5.0.3:58414] AH00128: File does not exist: /var/www/ga/plugins/weathermap/editor.php
[Sun Sep 04 09:19:47.386821 2022] [core:info] [pid 18] [client 10.5.0.3:58426] AH00128: File does not exist: /var/www/ga/cacti/plugins/weathermap/editor.php
[Sun Sep 04 09:19:47.641484 2022] [core:info] [pid 20] [client 10.5.0.3:58434] AH00128: File does not exist: /var/www/ga/weathermap/editor.php
[Sun Sep 04 09:19:48.661601 2022] [php7:error] [pid 16] [client 10.5.0.3:58460] script '/var/www/ga/elrekt.php' not found or unable to stat
[Sun Sep 04 09:19:54.646509 2022] [core:info] [pid 17] [client 10.5.0.3:42036] AH00128: File does not exist: /var/www/ga/App/
[Sun Sep 04 09:20:03.385893 2022] [core:info] [pid 17] [client 10.5.0.3:42920] AH00128: File does not exist: /var/www/ga/joomla/
[Sun Sep 04 09:20:03.640373 2022] [core:info] [pid 18] [client 10.5.0.3:42932] AH00128: File does not exist: /var/www/ga/Joomla/
[Sun Sep 04 09:20:04.160366 2022] [php7:error] [pid 19] [client 10.5.0.3:42942] script '/var/www/ga/d7.php' not found or unable to stat
[Sun Sep 04 09:20:04.414410 2022] [php7:error] [pid 16] [client 10.5.0.3:42952] script '/var/www/ga/rxr.php' not found or unable to stat
[Sun Sep 04 09:20:04.668711 2022] [php7:error] [pid 17] [client 10.5.0.3:42956] script '/var/www/ga/1x.php' not found or unable to stat
[Sun Sep 04 09:20:04.922770 2022] [php7:error] [pid 18] [client 10.5.0.3:42962] script '/var/www/ga/home.php' not found or unable to stat
[Sun Sep 04 09:20:05.177130 2022] [php7:error] [pid 20] [client 10.5.0.3:42966] script '/var/www/ga/undx.php' not found or unable to stat
[Sun Sep 04 09:20:05.432261 2022] [php7:error] [pid 19] [client 10.5.0.3:42980] script '/var/www/ga/spider.php' not found or unable to stat
[Sun Sep 04 09:20:06.619917 2022] [php7:error] [pid 16] [client 10.5.0.3:42984] script '/var/www/ga/payload.php' not found or unable to stat
[Sun Sep 04 09:20:06.874296 2022] [php7:error] [pid 17] [client 10.5.0.3:42996] script '/var/www/ga/composers.php' not found or unable to stat
[Sun Sep 04 09:20:07.128626 2022] [php7:error] [pid 18] [client 10.5.0.3:43002] script '/var/www/ga/izom.php' not found or unable to stat
[Sun Sep 04 09:20:07.384383 2022] [php7:error] [pid 20] [client 10.5.0.3:43012] script '/var/www/ga/composer.php' not found or unable to stat
[Sun Sep 04 09:20:07.639318 2022] [php7:error] [pid 19] [client 10.5.0.3:43014] script '/var/www/ga/hue2.php' not found or unable to stat
[Sun Sep 04 09:20:07.893587 2022] [php7:error] [pid 16] [client 10.5.0.3:43024] script '/var/www/ga/Drupal.php' not found or unable to stat
[Sun Sep 04 09:20:08.147913 2022] [php7:error] [pid 17] [client 10.5.0.3:43034] script '/var/www/ga/lang.php' not found or unable to stat
[Sun Sep 04 09:20:08.402336 2022] [php7:error] [pid 18] [client 10.5.0.3:43048] script '/var/www/ga/izom.php' not found or unable to stat
[Sun Sep 04 09:20:08.659848 2022] [php7:error] [pid 20] [client 10.5.0.3:43060] script '/var/www/ga/payload.php' not found or unable to stat
[Sun Sep 04 09:20:08.914302 2022] [php7:error] [pid 19] [client 10.5.0.3:43070] script '/var/www/ga/new_license.php' not found or unable to stat
[Sun Sep 04 09:20:09.168609 2022] [core:info] [pid 16] [client 10.5.0.3:43076] AH00128: File does not exist: /var/www/ga/images/!.php
[Sun Sep 04 09:20:09.422635 2022] [core:info] [pid 17] [client 10.5.0.3:43078] AH00128: File does not exist: /var/www/ga/images/vuln.php
[Sun Sep 04 09:20:09.678953 2022] [php7:error] [pid 18] [client 10.5.0.3:43086] script '/var/www/ga/hd.php' not found or unable to stat
[Sun Sep 04 09:20:09.933201 2022] [core:info] [pid 20] [client 10.5.0.3:50902] AH00128: File does not exist: /var/www/ga/images/up.php
[Sun Sep 04 09:20:10.187426 2022] [core:info] [pid 19] [client 10.5.0.3:50908] AH00128: File does not exist: /var/www/ga/images/attari.php
[Sun Sep 04 09:20:10.441872 2022] [core:info] [pid 16] [client 10.5.0.3:50910] AH00128: File does not exist: /var/www/ga/images/jsspwneed.php
[Sun Sep 04 09:20:10.696119 2022] [core:info] [pid 17] [client 10.5.0.3:50916] AH00128: File does not exist: /var/www/ga/images/stories/cmd.php
[Sun Sep 04 09:20:10.950559 2022] [core:info] [pid 18] [client 10.5.0.3:50920] AH00128: File does not exist: /var/www/ga/images/stories/filemga.php
[Sun Sep 04 09:20:11.205014 2022] [php7:error] [pid 20] [client 10.5.0.3:50930] script '/var/www/ga/up.php' not found or unable to stat
[Sun Sep 04 09:20:11.460506 2022] [php7:error] [pid 19] [client 10.5.0.3:50936] script '/var/www/ga/laravel.php' not found or unable to stat
[Sun Sep 04 09:20:14.626348 2022] [php7:error] [pid 16] [client 10.5.0.3:50942] script '/var/www/ga/huoshan.php' not found or unable to stat
[Sun Sep 04 09:20:14.881335 2022] [php7:error] [pid 17] [client 10.5.0.3:50944] script '/var/www/ga/yu.php' not found or unable to stat
[Sun Sep 04 09:20:15.135428 2022] [php7:error] [pid 18] [client 10.5.0.3:50948] script '/var/www/ga/floaw.php' not found or unable to stat
[Sun Sep 04 09:20:15.389954 2022] [php7:error] [pid 20] [client 10.5.0.3:50958] script '/var/www/ga/ftmabc.php' not found or unable to stat
[Sun Sep 04 09:20:18.655333 2022] [php7:error] [pid 19] [client 10.5.0.3:50962] script '/var/www/ga/doudou.php' not found or unable to stat
[Sun Sep 04 09:20:18.910638 2022] [php7:error] [pid 16] [client 10.5.0.3:50964] script '/var/www/ga/mjx.php' not found or unable to stat
[Sun Sep 04 09:20:19.166267 2022] [php7:error] [pid 17] [client 10.5.0.3:50974] script '/var/www/ga/xiaoxia.php' not found or unable to stat
[Sun Sep 04 09:20:19.420553 2022] [php7:error] [pid 18] [client 10.5.0.3:50982] script '/var/www/ga/yuyang.php' not found or unable to stat
[Sun Sep 04 09:20:22.563746 2022] [php7:error] [pid 20] [client 10.5.0.3:45826] script '/var/www/ga/zz.php' not found or unable to stat
[Sun Sep 04 09:20:22.818376 2022] [php7:error] [pid 19] [client 10.5.0.3:45840] script '/var/www/ga/coonig.php' not found or unable to stat
[Sun Sep 04 09:20:23.072693 2022] [php7:error] [pid 16] [client 10.5.0.3:45842] script '/var/www/ga/ak.php' not found or unable to stat
[Sun Sep 04 09:20:23.326908 2022] [php7:error] [pid 17] [client 10.5.0.3:45846] script '/var/www/ga/baidoubi.php' not found or unable to stat
[Sun Sep 04 09:20:23.581411 2022] [php7:error] [pid 18] [client 10.5.0.3:45854] script '/var/www/ga/hhhhhh.php' not found or unable to stat
[Sun Sep 04 09:20:26.632803 2022] [php7:error] [pid 20] [client 10.5.0.3:45864] script '/var/www/ga/meijianxue.php' not found or unable to stat
[Sun Sep 04 09:20:26.886789 2022] [php7:error] [pid 19] [client 10.5.0.3:45872] script '/var/www/ga/no1.php' not found or unable to stat
[Sun Sep 04 09:20:27.141814 2022] [php7:error] [pid 16] [client 10.5.0.3:45884] script '/var/www/ga/python.php' not found or unable to stat
[Sun Sep 04 09:20:27.395967 2022] [php7:error] [pid 17] [client 10.5.0.3:45886] script '/var/www/ga/woshimengmei.php' not found or unable to stat
[Sun Sep 04 09:20:27.650330 2022] [php7:error] [pid 18] [client 10.5.0.3:45902] script '/var/www/ga/indea.php' not found or unable to stat
[Sun Sep 04 09:20:27.905162 2022] [php7:error] [pid 20] [client 10.5.0.3:45904] script '/var/www/ga/taisui.php' not found or unable to stat
[Sun Sep 04 09:20:28.163107 2022] [php7:error] [pid 19] [client 10.5.0.3:45916] script '/var/www/ga/xiaxia.php' not found or unable to stat
[Sun Sep 04 09:20:28.417377 2022] [php7:error] [pid 16] [client 10.5.0.3:45930] script '/var/www/ga/kk.php' not found or unable to stat
[Sun Sep 04 09:20:28.672067 2022] [php7:error] [pid 17] [client 10.5.0.3:45938] script '/var/www/ga/xsser.php' not found or unable to stat
[Sun Sep 04 09:20:28.926194 2022] [php7:error] [pid 18] [client 10.5.0.3:45952] script '/var/www/ga/zzz.php' not found or unable to stat
[Sun Sep 04 09:20:30.599566 2022] [php7:error] [pid 20] [client 10.5.0.3:34024] script '/var/www/ga/99.php' not found or unable to stat
[Sun Sep 04 09:20:30.853882 2022] [php7:error] [pid 19] [client 10.5.0.3:34026] script '/var/www/ga/dp.php' not found or unable to stat
[Sun Sep 04 09:20:31.108676 2022] [php7:error] [pid 16] [client 10.5.0.3:34030] script '/var/www/ga/hs.php' not found or unable to stat
[Sun Sep 04 09:20:31.362838 2022] [php7:error] [pid 17] [client 10.5.0.3:34044] script '/var/www/ga/1ts.php' not found or unable to stat
[Sun Sep 04 09:20:31.617469 2022] [php7:error] [pid 18] [client 10.5.0.3:34058] script '/var/www/ga/haiyan.php' not found or unable to stat
[Sun Sep 04 09:20:31.871422 2022] [php7:error] [pid 20] [client 10.5.0.3:34074] script '/var/www/ga/phpdm.php' not found or unable to stat
[Sun Sep 04 09:20:32.126523 2022] [php7:error] [pid 19] [client 10.5.0.3:34078] script '/var/www/ga/root.php' not found or unable to stat
[Sun Sep 04 09:20:32.381206 2022] [php7:error] [pid 16] [client 10.5.0.3:34090] script '/var/www/ga/5678.php' not found or unable to stat
[Sun Sep 04 09:20:32.636014 2022] [php7:error] [pid 17] [client 10.5.0.3:34102] script '/var/www/ga/root11.php' not found or unable to stat
[Sun Sep 04 09:20:32.890974 2022] [php7:error] [pid 18] [client 10.5.0.3:34104] script '/var/www/ga/xiu.php' not found or unable to stat
[Sun Sep 04 09:20:34.629753 2022] [core:info] [pid 20] [client 10.5.0.3:34110] AH00128: File does not exist: /var/www/ga/wp-content/plugins/wp-file-manager/readme.txt
[Sun Sep 04 09:20:34.884063 2022] [core:info] [pid 19] [client 10.5.0.3:34112] AH00128: File does not exist: /var/www/ga/wordpress/wp-content/plugins/wp-file-manager/readme.txt
[Sun Sep 04 09:20:35.138211 2022] [core:info] [pid 16] [client 10.5.0.3:34124] AH00128: File does not exist: /var/www/ga/WordPress/wp-content/plugins/wp-file-manager/readme.txt
[Sun Sep 04 09:20:35.392529 2022] [core:info] [pid 17] [client 10.5.0.3:34130] AH00128: File does not exist: /var/www/ga/wp/wp-content/plugins/wp-file-manager/readme.txt
[Sun Sep 04 09:20:35.647580 2022] [core:info] [pid 18] [client 10.5.0.3:34140] AH00128: File does not exist: /var/www/ga/WP/wp-content/plugins/wp-file-manager/readme.txt
[Sun Sep 04 09:20:35.902237 2022] [core:info] [pid 20] [client 10.5.0.3:34152] AH00128: File does not exist: /var/www/ga/cms/wp-content/plugins/wp-file-manager/readme.txt
[Sun Sep 04 09:20:36.156249 2022] [core:info] [pid 19] [client 10.5.0.3:34168] AH00128: File does not exist: /var/www/ga/blog/wp-content/plugins/wp-file-manager/readme.txt
[Sun Sep 04 09:20:36.412053 2022] [core:info] [pid 16] [client 10.5.0.3:34174] AH00128: File does not exist: /var/www/ga/Blog/wp-content/plugins/wp-file-manager/readme.txt
[Sun Sep 04 09:20:36.666532 2022] [core:info] [pid 17] [client 10.5.0.3:34180] AH00128: File does not exist: /var/www/ga/dev/wp-content/plugins/wp-file-manager/readme.txt
[Sun Sep 04 09:20:36.921485 2022] [core:info] [pid 18] [client 10.5.0.3:34182] AH00128: File does not exist: /var/www/ga/demo/wp-content/plugins/wp-file-manager/readme.txt
[Sun Sep 04 09:20:38.568661 2022] [core:info] [pid 20] [client 10.5.0.3:34194] AH00128: File does not exist: /var/www/ga/site/wp-content/plugins/wp-file-manager/readme.txt
[Sun Sep 04 09:20:38.822739 2022] [core:info] [pid 19] [client 10.5.0.3:34198] AH00128: File does not exist: /var/www/ga/old/wp-content/plugins/wp-file-manager/readme.txt
[Sun Sep 04 09:20:39.076711 2022] [core:info] [pid 16] [client 10.5.0.3:34214] AH00128: File does not exist: /var/www/ga/backup/wp-content/plugins/wp-file-manager/readme.txt
[Sun Sep 04 09:20:39.330869 2022] [php7:error] [pid 17] [client 10.5.0.3:34216] script '/var/www/ga/templates.php' not found or unable to stat
[Sun Sep 04 09:20:39.584425 2022] [php7:error] [pid 18] [client 10.5.0.3:34220] script '/var/www/ga/yitian.php' not found or unable to stat
[Sun Sep 04 09:20:39.837900 2022] [php7:error] [pid 20] [client 10.5.0.3:34228] script '/var/www/ga/shell.php' not found or unable to stat
[Sun Sep 04 09:20:40.091651 2022] [php7:error] [pid 19] [client 10.5.0.3:56394] script '/var/www/ga/expsky.php' not found or unable to stat
[Sun Sep 04 09:20:40.345564 2022] [php7:error] [pid 16] [client 10.5.0.3:56402] script '/var/www/ga/beita.php' not found or unable to stat
[Sun Sep 04 09:20:40.599976 2022] [php7:error] [pid 17] [client 10.5.0.3:56412] script '/var/www/ga/hello.php' not found or unable to stat
[Sun Sep 04 09:20:40.853893 2022] [php7:error] [pid 18] [client 10.5.0.3:56418] script '/var/www/ga/routes.php' not found or unable to stat
[Sun Sep 04 09:20:42.600078 2022] [php7:error] [pid 20] [client 10.5.0.3:56426] script '/var/www/ga/wuwu11.php' not found or unable to stat
[Sun Sep 04 09:20:42.854114 2022] [php7:error] [pid 19] [client 10.5.0.3:56436] script '/var/www/ga/xw.php' not found or unable to stat
[Sun Sep 04 09:20:43.107656 2022] [php7:error] [pid 16] [client 10.5.0.3:56444] script '/var/www/ga/xw1.php' not found or unable to stat
[Sun Sep 04 09:20:43.361179 2022] [php7:error] [pid 17] [client 10.5.0.3:56450] script '/var/www/ga/9678.php' not found or unable to stat
[Sun Sep 04 09:20:43.615323 2022] [php7:error] [pid 18] [client 10.5.0.3:56456] script '/var/www/ga/wc.php' not found or unable to stat
[Sun Sep 04 09:20:43.869412 2022] [php7:error] [pid 20] [client 10.5.0.3:56460] script '/var/www/ga/xx.php' not found or unable to stat
[Sun Sep 04 09:20:44.123680 2022] [php7:error] [pid 19] [client 10.5.0.3:56472] script '/var/www/ga/xx.php' not found or unable to stat
[Sun Sep 04 09:20:44.377448 2022] [php7:error] [pid 16] [client 10.5.0.3:56476] script '/var/www/ga/s.php' not found or unable to stat
[Sun Sep 04 09:20:44.631366 2022] [php7:error] [pid 17] [client 10.5.0.3:56478] script '/var/www/ga/w.php' not found or unable to stat
[Sun Sep 04 09:20:44.884922 2022] [php7:error] [pid 18] [client 10.5.0.3:56484] script '/var/www/ga/sheep.php' not found or unable to stat
[Sun Sep 04 09:20:46.587996 2022] [php7:error] [pid 20] [client 10.5.0.3:56488] script '/var/www/ga/qaq.php' not found or unable to stat
[Sun Sep 04 09:20:46.841975 2022] [php7:error] [pid 19] [client 10.5.0.3:56500] script '/var/www/ga/my.php' not found or unable to stat
[Sun Sep 04 09:20:47.096119 2022] [php7:error] [pid 16] [client 10.5.0.3:56512] script '/var/www/ga/qq.php' not found or unable to stat
[Sun Sep 04 09:20:47.350195 2022] [php7:error] [pid 17] [client 10.5.0.3:56520] script '/var/www/ga/aaa.php' not found or unable to stat
